Analysis & Synthesis report for joguinhoTopper
Thu Nov 23 18:24:36 2017
Quartus II 64-Bit Version 15.0.0 Build 145 04/22/2015 SJ Web Edition


---------------------
; Table of Contents ;
---------------------
  1. Legal Notice
  2. Analysis & Synthesis Summary
  3. Analysis & Synthesis Settings
  4. Parallel Compilation
  5. Analysis & Synthesis Source Files Read
  6. Analysis & Synthesis Resource Usage Summary
  7. Analysis & Synthesis Resource Utilization by Entity
  8. State Machine - |joguinhoTopzudo|FSM:callfsm|EAtual
  9. State Machine - |joguinhoTopzudo|ButtonSync:callbtns|btn3state
 10. State Machine - |joguinhoTopzudo|ButtonSync:callbtns|btn2state
 11. State Machine - |joguinhoTopzudo|ButtonSync:callbtns|btn1state
 12. State Machine - |joguinhoTopzudo|ButtonSync:callbtns|btn0state
 13. Registers Removed During Synthesis
 14. Removed Registers Triggering Further Register Optimizations
 15. General Register Statistics
 16. Multiplexer Restructuring Statistics (Restructuring Performed)
 17. Port Connectivity Checks: "DATAPATH:calldtp|multiplexador16:mux16"
 18. Port Connectivity Checks: "DATAPATH:calldtp|decodificador:dhex4"
 19. Port Connectivity Checks: "ButtonSync:callbtns"
 20. Post-Synthesis Netlist Statistics for Top Partition
 21. Elapsed Time Per Partition
 22. Analysis & Synthesis Messages



----------------
; Legal Notice ;
----------------
Copyright (C) 1991-2015 Altera Corporation. All rights reserved.
Your use of Altera Corporation's design tools, logic functions 
and other software and tools, and its AMPP partner logic 
functions, and any output files from any of the foregoing 
(including device programming or simulation files), and any 
associated documentation or information are expressly subject 
to the terms and conditions of the Altera Program License 
Subscription Agreement, the Altera Quartus II License Agreement,
the Altera MegaCore Function License Agreement, or other 
applicable license agreement, including, without limitation, 
that your use is for the sole purpose of programming logic 
devices manufactured by Altera and sold by Altera or its 
authorized distributors.  Please refer to the applicable 
agreement for further details.



+------------------------------------------------------------------------------+
; Analysis & Synthesis Summary                                                 ;
+---------------------------------+--------------------------------------------+
; Analysis & Synthesis Status     ; Successful - Thu Nov 23 18:24:35 2017      ;
; Quartus II 64-Bit Version       ; 15.0.0 Build 145 04/22/2015 SJ Web Edition ;
; Revision Name                   ; joguinhoTopper                             ;
; Top-level Entity Name           ; joguinhoTopzudo                            ;
; Family                          ; Cyclone V                                  ;
; Logic utilization (in ALMs)     ; N/A                                        ;
; Total registers                 ; 36                                         ;
; Total pins                      ; 67                                         ;
; Total virtual pins              ; 0                                          ;
; Total block memory bits         ; 0                                          ;
; Total DSP Blocks                ; 0                                          ;
; Total HSSI RX PCSs              ; 0                                          ;
; Total HSSI PMA RX Deserializers ; 0                                          ;
; Total HSSI TX PCSs              ; 0                                          ;
; Total HSSI PMA TX Serializers   ; 0                                          ;
; Total PLLs                      ; 0                                          ;
; Total DLLs                      ; 0                                          ;
+---------------------------------+--------------------------------------------+


+---------------------------------------------------------------------------------------------------------------------------+
; Analysis & Synthesis Settings                                                                                             ;
+---------------------------------------------------------------------------------+--------------------+--------------------+
; Option                                                                          ; Setting            ; Default Value      ;
+---------------------------------------------------------------------------------+--------------------+--------------------+
; Device                                                                          ; 5CSEMA5F31C6       ;                    ;
; Top-level entity name                                                           ; joguinhoTopzudo    ; joguinhoTopper     ;
; Family name                                                                     ; Cyclone V          ; Cyclone V          ;
; Use smart compilation                                                           ; Off                ; Off                ;
; Enable parallel Assembler and TimeQuest Timing Analyzer during compilation      ; On                 ; On                 ;
; Enable compact report table                                                     ; Off                ; Off                ;
; Restructure Multiplexers                                                        ; Auto               ; Auto               ;
; MLAB Add Timing Constraints For Mixed-Port Feed-Through Mode Setting Don't Care ; Off                ; Off                ;
; Create Debugging Nodes for IP Cores                                             ; Off                ; Off                ;
; Preserve fewer node names                                                       ; On                 ; On                 ;
; Disable OpenCore Plus hardware evaluation                                       ; Off                ; Off                ;
; Verilog Version                                                                 ; Verilog_2001       ; Verilog_2001       ;
; VHDL Version                                                                    ; VHDL_1993          ; VHDL_1993          ;
; State Machine Processing                                                        ; Auto               ; Auto               ;
; Safe State Machine                                                              ; Off                ; Off                ;
; Extract Verilog State Machines                                                  ; On                 ; On                 ;
; Extract VHDL State Machines                                                     ; On                 ; On                 ;
; Ignore Verilog initial constructs                                               ; Off                ; Off                ;
; Iteration limit for constant Verilog loops                                      ; 5000               ; 5000               ;
; Iteration limit for non-constant Verilog loops                                  ; 250                ; 250                ;
; Add Pass-Through Logic to Inferred RAMs                                         ; On                 ; On                 ;
; Infer RAMs from Raw Logic                                                       ; On                 ; On                 ;
; Parallel Synthesis                                                              ; On                 ; On                 ;
; DSP Block Balancing                                                             ; Auto               ; Auto               ;
; NOT Gate Push-Back                                                              ; On                 ; On                 ;
; Power-Up Don't Care                                                             ; On                 ; On                 ;
; Remove Redundant Logic Cells                                                    ; Off                ; Off                ;
; Remove Duplicate Registers                                                      ; On                 ; On                 ;
; Ignore CARRY Buffers                                                            ; Off                ; Off                ;
; Ignore CASCADE Buffers                                                          ; Off                ; Off                ;
; Ignore GLOBAL Buffers                                                           ; Off                ; Off                ;
; Ignore ROW GLOBAL Buffers                                                       ; Off                ; Off                ;
; Ignore LCELL Buffers                                                            ; Off                ; Off                ;
; Ignore SOFT Buffers                                                             ; On                 ; On                 ;
; Limit AHDL Integers to 32 Bits                                                  ; Off                ; Off                ;
; Optimization Technique                                                          ; Balanced           ; Balanced           ;
; Carry Chain Length                                                              ; 70                 ; 70                 ;
; Auto Carry Chains                                                               ; On                 ; On                 ;
; Auto Open-Drain Pins                                                            ; On                 ; On                 ;
; Perform WYSIWYG Primitive Resynthesis                                           ; Off                ; Off                ;
; Auto ROM Replacement                                                            ; On                 ; On                 ;
; Auto RAM Replacement                                                            ; On                 ; On                 ;
; Auto DSP Block Replacement                                                      ; On                 ; On                 ;
; Auto Shift Register Replacement                                                 ; Auto               ; Auto               ;
; Allow Shift Register Merging across Hierarchies                                 ; Auto               ; Auto               ;
; Auto Clock Enable Replacement                                                   ; On                 ; On                 ;
; Strict RAM Replacement                                                          ; Off                ; Off                ;
; Allow Synchronous Control Signals                                               ; On                 ; On                 ;
; Force Use of Synchronous Clear Signals                                          ; Off                ; Off                ;
; Auto Resource Sharing                                                           ; Off                ; Off                ;
; Allow Any RAM Size For Recognition                                              ; Off                ; Off                ;
; Allow Any ROM Size For Recognition                                              ; Off                ; Off                ;
; Allow Any Shift Register Size For Recognition                                   ; Off                ; Off                ;
; Use LogicLock Constraints during Resource Balancing                             ; On                 ; On                 ;
; Ignore translate_off and synthesis_off directives                               ; Off                ; Off                ;
; Timing-Driven Synthesis                                                         ; On                 ; On                 ;
; Report Parameter Settings                                                       ; On                 ; On                 ;
; Report Source Assignments                                                       ; On                 ; On                 ;
; Report Connectivity Checks                                                      ; On                 ; On                 ;
; Ignore Maximum Fan-Out Assignments                                              ; Off                ; Off                ;
; Synchronization Register Chain Length                                           ; 3                  ; 3                  ;
; PowerPlay Power Optimization During Synthesis                                   ; Normal compilation ; Normal compilation ;
; HDL message level                                                               ; Level2             ; Level2             ;
; Suppress Register Optimization Related Messages                                 ; Off                ; Off                ;
; Number of Removed Registers Reported in Synthesis Report                        ; 5000               ; 5000               ;
; Number of Swept Nodes Reported in Synthesis Report                              ; 5000               ; 5000               ;
; Number of Inverted Registers Reported in Synthesis Report                       ; 100                ; 100                ;
; Clock MUX Protection                                                            ; On                 ; On                 ;
; Auto Gated Clock Conversion                                                     ; Off                ; Off                ;
; Block Design Naming                                                             ; Auto               ; Auto               ;
; SDC constraint protection                                                       ; Off                ; Off                ;
; Synthesis Effort                                                                ; Auto               ; Auto               ;
; Shift Register Replacement - Allow Asynchronous Clear Signal                    ; On                 ; On                 ;
; Pre-Mapping Resynthesis Optimization                                            ; Off                ; Off                ;
; Analysis & Synthesis Message Level                                              ; Medium             ; Medium             ;
; Disable Register Merging Across Hierarchies                                     ; Auto               ; Auto               ;
; Resource Aware Inference For Block RAM                                          ; On                 ; On                 ;
; Synthesis Seed                                                                  ; 1                  ; 1                  ;
; Automatic Parallel Synthesis                                                    ; On                 ; On                 ;
; Partial Reconfiguration Bitstream ID                                            ; Off                ; Off                ;
+---------------------------------------------------------------------------------+--------------------+--------------------+


+------------------------------------------+
; Parallel Compilation                     ;
+----------------------------+-------------+
; Processors                 ; Number      ;
+----------------------------+-------------+
; Number detected on machine ; 4           ;
; Maximum allowed            ; 2           ;
;                            ;             ;
; Average used               ; 1.00        ;
; Maximum used               ; 1           ;
;                            ;             ;
; Usage by Processor         ; % Time Used ;
;     Processor 1            ; 100.0%      ;
;     Processors 2-4         ;   0.0%      ;
+----------------------------+-------------+


+---------------------------------------------------------------------------------------------------------------------------------------------------------------------+
; Analysis & Synthesis Source Files Read                                                                                                                              ;
+----------------------------------+-----------------+-----------------+------------------------------------------------------------------------------------+---------+
; File Name with User-Entered Path ; Used in Netlist ; File Type       ; File Name with Absolute Path                                                       ; Library ;
+----------------------------------+-----------------+-----------------+------------------------------------------------------------------------------------+---------+
; ButtonSync.vhd                   ; yes             ; User VHDL File  ; C:/Users/kkaldas/Documents/GitHub/ProjFinalEEL5105/QuartusTry2/ButtonSync.vhd      ;         ;
; joguinhoTopzudo.vhd              ; yes             ; User VHDL File  ; C:/Users/kkaldas/Documents/GitHub/ProjFinalEEL5105/QuartusTry2/joguinhoTopzudo.vhd ;         ;
; selecionaRom.vhd                 ; yes             ; User VHDL File  ; C:/Users/kkaldas/Documents/GitHub/ProjFinalEEL5105/QuartusTry2/selecionaRom.vhd    ;         ;
; ROM3.vhd                         ; yes             ; User VHDL File  ; C:/Users/kkaldas/Documents/GitHub/ProjFinalEEL5105/QuartusTry2/ROM3.vhd            ;         ;
; ROM2.vhd                         ; yes             ; User VHDL File  ; C:/Users/kkaldas/Documents/GitHub/ProjFinalEEL5105/QuartusTry2/ROM2.vhd            ;         ;
; ROM1.vhd                         ; yes             ; User VHDL File  ; C:/Users/kkaldas/Documents/GitHub/ProjFinalEEL5105/QuartusTry2/ROM1.vhd            ;         ;
; ROM0.vhd                         ; yes             ; User VHDL File  ; C:/Users/kkaldas/Documents/GitHub/ProjFinalEEL5105/QuartusTry2/ROM0.vhd            ;         ;
; registrador4.vhd                 ; yes             ; User VHDL File  ; C:/Users/kkaldas/Documents/GitHub/ProjFinalEEL5105/QuartusTry2/registrador4.vhd    ;         ;
; registrador2.vhd                 ; yes             ; User VHDL File  ; C:/Users/kkaldas/Documents/GitHub/ProjFinalEEL5105/QuartusTry2/registrador2.vhd    ;         ;
; mux4e1b.vhd                      ; yes             ; User VHDL File  ; C:/Users/kkaldas/Documents/GitHub/ProjFinalEEL5105/QuartusTry2/mux4e1b.vhd         ;         ;
; multiplexador16.vhd              ; yes             ; User VHDL File  ; C:/Users/kkaldas/Documents/GitHub/ProjFinalEEL5105/QuartusTry2/multiplexador16.vhd ;         ;
; multiplexador4.vhd               ; yes             ; User VHDL File  ; C:/Users/kkaldas/Documents/GitHub/ProjFinalEEL5105/QuartusTry2/multiplexador4.vhd  ;         ;
; FSM.vhd                          ; yes             ; User VHDL File  ; C:/Users/kkaldas/Documents/GitHub/ProjFinalEEL5105/QuartusTry2/FSM.vhd             ;         ;
; DeslocadorGeral.vhd              ; yes             ; User VHDL File  ; C:/Users/kkaldas/Documents/GitHub/ProjFinalEEL5105/QuartusTry2/DeslocadorGeral.vhd ;         ;
; decodificador.vhd                ; yes             ; User VHDL File  ; C:/Users/kkaldas/Documents/GitHub/ProjFinalEEL5105/QuartusTry2/decodificador.vhd   ;         ;
; DATAPATH.vhd                     ; yes             ; User VHDL File  ; C:/Users/kkaldas/Documents/GitHub/ProjFinalEEL5105/QuartusTry2/DATAPATH.vhd        ;         ;
; ClockConvert.vhd                 ; yes             ; User VHDL File  ; C:/Users/kkaldas/Documents/GitHub/ProjFinalEEL5105/QuartusTry2/ClockConvert.vhd    ;         ;
; Clock01.vhd                      ; yes             ; User VHDL File  ; C:/Users/kkaldas/Documents/GitHub/ProjFinalEEL5105/QuartusTry2/Clock01.vhd         ;         ;
+----------------------------------+-----------------+-----------------+------------------------------------------------------------------------------------+---------+


+--------------------------------------------------------------+
; Analysis & Synthesis Resource Usage Summary                  ;
+---------------------------------------------+----------------+
; Resource                                    ; Usage          ;
+---------------------------------------------+----------------+
; Estimate of Logic utilization (ALMs needed) ; 34             ;
;                                             ;                ;
; Combinational ALUT usage for logic          ; 61             ;
;     -- 7 input functions                    ; 0              ;
;     -- 6 input functions                    ; 6              ;
;     -- 5 input functions                    ; 2              ;
;     -- 4 input functions                    ; 15             ;
;     -- <=3 input functions                  ; 38             ;
;                                             ;                ;
; Dedicated logic registers                   ; 36             ;
;                                             ;                ;
; I/O pins                                    ; 67             ;
;                                             ;                ;
; Total DSP Blocks                            ; 0              ;
;                                             ;                ;
; Maximum fan-out node                        ; CLOCK_50~input ;
; Maximum fan-out                             ; 32             ;
; Total fan-out                               ; 371            ;
; Average fan-out                             ; 1.61           ;
+---------------------------------------------+----------------+


+--------------------------------------------------------------------------------------------------------------------------------------------------------------------------------------------------------------------+
; Analysis & Synthesis Resource Utilization by Entity                                                                                                                                                                ;
+-------------------------------+-------------------+--------------+-------------------+------------+------+--------------+---------------------------------------------------------------------------+--------------+
; Compilation Hierarchy Node    ; LC Combinationals ; LC Registers ; Block Memory Bits ; DSP Blocks ; Pins ; Virtual Pins ; Full Hierarchy Name                                                       ; Library Name ;
+-------------------------------+-------------------+--------------+-------------------+------------+------+--------------+---------------------------------------------------------------------------+--------------+
; |joguinhoTopzudo              ; 61 (1)            ; 36 (0)       ; 0                 ; 0          ; 67   ; 0            ; |joguinhoTopzudo                                                          ; work         ;
;    |ButtonSync:callbtns|      ; 2 (2)             ; 2 (2)        ; 0                 ; 0          ; 0    ; 0            ; |joguinhoTopzudo|ButtonSync:callbtns                                      ; work         ;
;    |DATAPATH:calldtp|         ; 58 (4)            ; 33 (0)       ; 0                 ; 0          ; 0    ; 0            ; |joguinhoTopzudo|DATAPATH:calldtp                                         ; work         ;
;       |ClockConvert:conclock| ; 35 (0)            ; 29 (0)       ; 0                 ; 0          ; 0    ; 0            ; |joguinhoTopzudo|DATAPATH:calldtp|ClockConvert:conclock                   ; work         ;
;          |Clock01:convert01|  ; 28 (28)           ; 29 (29)      ; 0                 ; 0          ; 0    ; 0            ; |joguinhoTopzudo|DATAPATH:calldtp|ClockConvert:conclock|Clock01:convert01 ; work         ;
;          |Clock01:convert05|  ; 6 (6)             ; 0 (0)        ; 0                 ; 0          ; 0    ; 0            ; |joguinhoTopzudo|DATAPATH:calldtp|ClockConvert:conclock|Clock01:convert05 ; work         ;
;          |mux4e1b:decision|   ; 1 (1)             ; 0 (0)        ; 0                 ; 0          ; 0    ; 0            ; |joguinhoTopzudo|DATAPATH:calldtp|ClockConvert:conclock|mux4e1b:decision  ; work         ;
;       |decodificador:dhex2|   ; 7 (7)             ; 0 (0)        ; 0                 ; 0          ; 0    ; 0            ; |joguinhoTopzudo|DATAPATH:calldtp|decodificador:dhex2                     ; work         ;
;       |multiplexador16:mux16| ; 9 (9)             ; 0 (0)        ; 0                 ; 0          ; 0    ; 0            ; |joguinhoTopzudo|DATAPATH:calldtp|multiplexador16:mux16                   ; work         ;
;       |registrador4:regPtos|  ; 3 (3)             ; 4 (4)        ; 0                 ; 0          ; 0    ; 0            ; |joguinhoTopzudo|DATAPATH:calldtp|registrador4:regPtos                    ; work         ;
;    |FSM:callfsm|              ; 0 (0)             ; 1 (1)        ; 0                 ; 0          ; 0    ; 0            ; |joguinhoTopzudo|FSM:callfsm                                              ; work         ;
+-------------------------------+-------------------+--------------+-------------------+------------+------+--------------+---------------------------------------------------------------------------+--------------+
Note: For table entries with two numbers listed, the numbers in parentheses indicate the number of resources of the given type used by the specific entity alone. The numbers listed outside of parentheses indicate the total resources of the given type used by the specific entity and all of its sub-entities in the hierarchy.


Encoding Type:  One-Hot
+--------------------------------------------------------------------------+
; State Machine - |joguinhoTopzudo|FSM:callfsm|EAtual                      ;
+---------------+---------------+-------------+--------------+-------------+
; Name          ; EAtual.RESULT ; EAtual.GAME ; EAtual.SETUP ; EAtual.INIT ;
+---------------+---------------+-------------+--------------+-------------+
; EAtual.INIT   ; 0             ; 0           ; 0            ; 0           ;
; EAtual.SETUP  ; 0             ; 0           ; 1            ; 1           ;
; EAtual.GAME   ; 0             ; 1           ; 0            ; 1           ;
; EAtual.RESULT ; 1             ; 0           ; 0            ; 1           ;
+---------------+---------------+-------------+--------------+-------------+


Encoding Type:  One-Hot
+---------------------------------------------------------------------------------------------------+
; State Machine - |joguinhoTopzudo|ButtonSync:callbtns|btn3state                                    ;
+-------------------------+------------------------+----------------------+-------------------------+
; Name                    ; btn3state.EsperaSoltar ; btn3state.SaidaAtiva ; btn3state.EsperaApertar ;
+-------------------------+------------------------+----------------------+-------------------------+
; btn3state.EsperaApertar ; 0                      ; 0                    ; 0                       ;
; btn3state.SaidaAtiva    ; 0                      ; 1                    ; 1                       ;
; btn3state.EsperaSoltar  ; 1                      ; 0                    ; 1                       ;
+-------------------------+------------------------+----------------------+-------------------------+


Encoding Type:  One-Hot
+---------------------------------------------------------------------------------------------------+
; State Machine - |joguinhoTopzudo|ButtonSync:callbtns|btn2state                                    ;
+-------------------------+------------------------+----------------------+-------------------------+
; Name                    ; btn2state.EsperaSoltar ; btn2state.SaidaAtiva ; btn2state.EsperaApertar ;
+-------------------------+------------------------+----------------------+-------------------------+
; btn2state.EsperaApertar ; 0                      ; 0                    ; 0                       ;
; btn2state.SaidaAtiva    ; 0                      ; 1                    ; 1                       ;
; btn2state.EsperaSoltar  ; 1                      ; 0                    ; 1                       ;
+-------------------------+------------------------+----------------------+-------------------------+


Encoding Type:  One-Hot
+---------------------------------------------------------------------------------------------------+
; State Machine - |joguinhoTopzudo|ButtonSync:callbtns|btn1state                                    ;
+-------------------------+------------------------+----------------------+-------------------------+
; Name                    ; btn1state.EsperaSoltar ; btn1state.SaidaAtiva ; btn1state.EsperaApertar ;
+-------------------------+------------------------+----------------------+-------------------------+
; btn1state.EsperaApertar ; 0                      ; 0                    ; 0                       ;
; btn1state.SaidaAtiva    ; 0                      ; 1                    ; 1                       ;
; btn1state.EsperaSoltar  ; 1                      ; 0                    ; 1                       ;
+-------------------------+------------------------+----------------------+-------------------------+


Encoding Type:  One-Hot
+---------------------------------------------------------------------------------------------------+
; State Machine - |joguinhoTopzudo|ButtonSync:callbtns|btn0state                                    ;
+-------------------------+------------------------+----------------------+-------------------------+
; Name                    ; btn0state.EsperaSoltar ; btn0state.SaidaAtiva ; btn0state.EsperaApertar ;
+-------------------------+------------------------+----------------------+-------------------------+
; btn0state.EsperaApertar ; 0                      ; 0                    ; 0                       ;
; btn0state.SaidaAtiva    ; 0                      ; 1                    ; 1                       ;
; btn0state.EsperaSoltar  ; 1                      ; 0                    ; 1                       ;
+-------------------------+------------------------+----------------------+-------------------------+


+---------------------------------------------------------------------------------------------------------------------------------------------------+
; Registers Removed During Synthesis                                                                                                                ;
+-------------------------------------------------------------------+-------------------------------------------------------------------------------+
; Register name                                                     ; Reason for Removal                                                            ;
+-------------------------------------------------------------------+-------------------------------------------------------------------------------+
; DATAPATH:calldtp|registrador2:regROM|SAIDA[0,1]                   ; Stuck at GND due to stuck port clock_enable                                   ;
; DATAPATH:calldtp|ClockConvert:conclock|Clock01:convert05|cont[27] ; Merged with DATAPATH:calldtp|ClockConvert:conclock|Clock01:convert01|cont[27] ;
; DATAPATH:calldtp|ClockConvert:conclock|Clock01:convert25|cont[27] ; Merged with DATAPATH:calldtp|ClockConvert:conclock|Clock01:convert01|cont[27] ;
; DATAPATH:calldtp|ClockConvert:conclock|Clock01:convert33|cont[27] ; Merged with DATAPATH:calldtp|ClockConvert:conclock|Clock01:convert01|cont[27] ;
; DATAPATH:calldtp|ClockConvert:conclock|Clock01:convert05|cont[26] ; Merged with DATAPATH:calldtp|ClockConvert:conclock|Clock01:convert01|cont[26] ;
; DATAPATH:calldtp|ClockConvert:conclock|Clock01:convert25|cont[26] ; Merged with DATAPATH:calldtp|ClockConvert:conclock|Clock01:convert01|cont[26] ;
; DATAPATH:calldtp|ClockConvert:conclock|Clock01:convert33|cont[26] ; Merged with DATAPATH:calldtp|ClockConvert:conclock|Clock01:convert01|cont[26] ;
; DATAPATH:calldtp|ClockConvert:conclock|Clock01:convert05|cont[25] ; Merged with DATAPATH:calldtp|ClockConvert:conclock|Clock01:convert01|cont[25] ;
; DATAPATH:calldtp|ClockConvert:conclock|Clock01:convert25|cont[25] ; Merged with DATAPATH:calldtp|ClockConvert:conclock|Clock01:convert01|cont[25] ;
; DATAPATH:calldtp|ClockConvert:conclock|Clock01:convert33|cont[25] ; Merged with DATAPATH:calldtp|ClockConvert:conclock|Clock01:convert01|cont[25] ;
; DATAPATH:calldtp|ClockConvert:conclock|Clock01:convert05|cont[24] ; Merged with DATAPATH:calldtp|ClockConvert:conclock|Clock01:convert01|cont[24] ;
; DATAPATH:calldtp|ClockConvert:conclock|Clock01:convert25|cont[24] ; Merged with DATAPATH:calldtp|ClockConvert:conclock|Clock01:convert01|cont[24] ;
; DATAPATH:calldtp|ClockConvert:conclock|Clock01:convert33|cont[24] ; Merged with DATAPATH:calldtp|ClockConvert:conclock|Clock01:convert01|cont[24] ;
; DATAPATH:calldtp|ClockConvert:conclock|Clock01:convert05|cont[23] ; Merged with DATAPATH:calldtp|ClockConvert:conclock|Clock01:convert01|cont[23] ;
; DATAPATH:calldtp|ClockConvert:conclock|Clock01:convert25|cont[23] ; Merged with DATAPATH:calldtp|ClockConvert:conclock|Clock01:convert01|cont[23] ;
; DATAPATH:calldtp|ClockConvert:conclock|Clock01:convert33|cont[23] ; Merged with DATAPATH:calldtp|ClockConvert:conclock|Clock01:convert01|cont[23] ;
; DATAPATH:calldtp|ClockConvert:conclock|Clock01:convert05|cont[22] ; Merged with DATAPATH:calldtp|ClockConvert:conclock|Clock01:convert01|cont[22] ;
; DATAPATH:calldtp|ClockConvert:conclock|Clock01:convert25|cont[22] ; Merged with DATAPATH:calldtp|ClockConvert:conclock|Clock01:convert01|cont[22] ;
; DATAPATH:calldtp|ClockConvert:conclock|Clock01:convert33|cont[22] ; Merged with DATAPATH:calldtp|ClockConvert:conclock|Clock01:convert01|cont[22] ;
; DATAPATH:calldtp|ClockConvert:conclock|Clock01:convert05|cont[21] ; Merged with DATAPATH:calldtp|ClockConvert:conclock|Clock01:convert01|cont[21] ;
; DATAPATH:calldtp|ClockConvert:conclock|Clock01:convert25|cont[21] ; Merged with DATAPATH:calldtp|ClockConvert:conclock|Clock01:convert01|cont[21] ;
; DATAPATH:calldtp|ClockConvert:conclock|Clock01:convert33|cont[21] ; Merged with DATAPATH:calldtp|ClockConvert:conclock|Clock01:convert01|cont[21] ;
; DATAPATH:calldtp|ClockConvert:conclock|Clock01:convert05|cont[20] ; Merged with DATAPATH:calldtp|ClockConvert:conclock|Clock01:convert01|cont[20] ;
; DATAPATH:calldtp|ClockConvert:conclock|Clock01:convert25|cont[20] ; Merged with DATAPATH:calldtp|ClockConvert:conclock|Clock01:convert01|cont[20] ;
; DATAPATH:calldtp|ClockConvert:conclock|Clock01:convert33|cont[20] ; Merged with DATAPATH:calldtp|ClockConvert:conclock|Clock01:convert01|cont[20] ;
; DATAPATH:calldtp|ClockConvert:conclock|Clock01:convert05|cont[19] ; Merged with DATAPATH:calldtp|ClockConvert:conclock|Clock01:convert01|cont[19] ;
; DATAPATH:calldtp|ClockConvert:conclock|Clock01:convert25|cont[19] ; Merged with DATAPATH:calldtp|ClockConvert:conclock|Clock01:convert01|cont[19] ;
; DATAPATH:calldtp|ClockConvert:conclock|Clock01:convert33|cont[19] ; Merged with DATAPATH:calldtp|ClockConvert:conclock|Clock01:convert01|cont[19] ;
; DATAPATH:calldtp|ClockConvert:conclock|Clock01:convert05|cont[18] ; Merged with DATAPATH:calldtp|ClockConvert:conclock|Clock01:convert01|cont[18] ;
; DATAPATH:calldtp|ClockConvert:conclock|Clock01:convert25|cont[18] ; Merged with DATAPATH:calldtp|ClockConvert:conclock|Clock01:convert01|cont[18] ;
; DATAPATH:calldtp|ClockConvert:conclock|Clock01:convert33|cont[18] ; Merged with DATAPATH:calldtp|ClockConvert:conclock|Clock01:convert01|cont[18] ;
; DATAPATH:calldtp|ClockConvert:conclock|Clock01:convert05|cont[17] ; Merged with DATAPATH:calldtp|ClockConvert:conclock|Clock01:convert01|cont[17] ;
; DATAPATH:calldtp|ClockConvert:conclock|Clock01:convert25|cont[17] ; Merged with DATAPATH:calldtp|ClockConvert:conclock|Clock01:convert01|cont[17] ;
; DATAPATH:calldtp|ClockConvert:conclock|Clock01:convert33|cont[17] ; Merged with DATAPATH:calldtp|ClockConvert:conclock|Clock01:convert01|cont[17] ;
; DATAPATH:calldtp|ClockConvert:conclock|Clock01:convert05|cont[16] ; Merged with DATAPATH:calldtp|ClockConvert:conclock|Clock01:convert01|cont[16] ;
; DATAPATH:calldtp|ClockConvert:conclock|Clock01:convert25|cont[16] ; Merged with DATAPATH:calldtp|ClockConvert:conclock|Clock01:convert01|cont[16] ;
; DATAPATH:calldtp|ClockConvert:conclock|Clock01:convert33|cont[16] ; Merged with DATAPATH:calldtp|ClockConvert:conclock|Clock01:convert01|cont[16] ;
; DATAPATH:calldtp|ClockConvert:conclock|Clock01:convert05|cont[15] ; Merged with DATAPATH:calldtp|ClockConvert:conclock|Clock01:convert01|cont[15] ;
; DATAPATH:calldtp|ClockConvert:conclock|Clock01:convert25|cont[15] ; Merged with DATAPATH:calldtp|ClockConvert:conclock|Clock01:convert01|cont[15] ;
; DATAPATH:calldtp|ClockConvert:conclock|Clock01:convert33|cont[15] ; Merged with DATAPATH:calldtp|ClockConvert:conclock|Clock01:convert01|cont[15] ;
; DATAPATH:calldtp|ClockConvert:conclock|Clock01:convert05|cont[14] ; Merged with DATAPATH:calldtp|ClockConvert:conclock|Clock01:convert01|cont[14] ;
; DATAPATH:calldtp|ClockConvert:conclock|Clock01:convert25|cont[14] ; Merged with DATAPATH:calldtp|ClockConvert:conclock|Clock01:convert01|cont[14] ;
; DATAPATH:calldtp|ClockConvert:conclock|Clock01:convert33|cont[14] ; Merged with DATAPATH:calldtp|ClockConvert:conclock|Clock01:convert01|cont[14] ;
; DATAPATH:calldtp|ClockConvert:conclock|Clock01:convert05|cont[13] ; Merged with DATAPATH:calldtp|ClockConvert:conclock|Clock01:convert01|cont[13] ;
; DATAPATH:calldtp|ClockConvert:conclock|Clock01:convert25|cont[13] ; Merged with DATAPATH:calldtp|ClockConvert:conclock|Clock01:convert01|cont[13] ;
; DATAPATH:calldtp|ClockConvert:conclock|Clock01:convert33|cont[13] ; Merged with DATAPATH:calldtp|ClockConvert:conclock|Clock01:convert01|cont[13] ;
; DATAPATH:calldtp|ClockConvert:conclock|Clock01:convert05|cont[12] ; Merged with DATAPATH:calldtp|ClockConvert:conclock|Clock01:convert01|cont[12] ;
; DATAPATH:calldtp|ClockConvert:conclock|Clock01:convert25|cont[12] ; Merged with DATAPATH:calldtp|ClockConvert:conclock|Clock01:convert01|cont[12] ;
; DATAPATH:calldtp|ClockConvert:conclock|Clock01:convert33|cont[12] ; Merged with DATAPATH:calldtp|ClockConvert:conclock|Clock01:convert01|cont[12] ;
; DATAPATH:calldtp|ClockConvert:conclock|Clock01:convert05|cont[11] ; Merged with DATAPATH:calldtp|ClockConvert:conclock|Clock01:convert01|cont[11] ;
; DATAPATH:calldtp|ClockConvert:conclock|Clock01:convert25|cont[11] ; Merged with DATAPATH:calldtp|ClockConvert:conclock|Clock01:convert01|cont[11] ;
; DATAPATH:calldtp|ClockConvert:conclock|Clock01:convert33|cont[11] ; Merged with DATAPATH:calldtp|ClockConvert:conclock|Clock01:convert01|cont[11] ;
; DATAPATH:calldtp|ClockConvert:conclock|Clock01:convert05|cont[10] ; Merged with DATAPATH:calldtp|ClockConvert:conclock|Clock01:convert01|cont[10] ;
; DATAPATH:calldtp|ClockConvert:conclock|Clock01:convert25|cont[10] ; Merged with DATAPATH:calldtp|ClockConvert:conclock|Clock01:convert01|cont[10] ;
; DATAPATH:calldtp|ClockConvert:conclock|Clock01:convert33|cont[10] ; Merged with DATAPATH:calldtp|ClockConvert:conclock|Clock01:convert01|cont[10] ;
; DATAPATH:calldtp|ClockConvert:conclock|Clock01:convert05|cont[9]  ; Merged with DATAPATH:calldtp|ClockConvert:conclock|Clock01:convert01|cont[9]  ;
; DATAPATH:calldtp|ClockConvert:conclock|Clock01:convert25|cont[9]  ; Merged with DATAPATH:calldtp|ClockConvert:conclock|Clock01:convert01|cont[9]  ;
; DATAPATH:calldtp|ClockConvert:conclock|Clock01:convert33|cont[9]  ; Merged with DATAPATH:calldtp|ClockConvert:conclock|Clock01:convert01|cont[9]  ;
; DATAPATH:calldtp|ClockConvert:conclock|Clock01:convert05|cont[8]  ; Merged with DATAPATH:calldtp|ClockConvert:conclock|Clock01:convert01|cont[8]  ;
; DATAPATH:calldtp|ClockConvert:conclock|Clock01:convert25|cont[8]  ; Merged with DATAPATH:calldtp|ClockConvert:conclock|Clock01:convert01|cont[8]  ;
; DATAPATH:calldtp|ClockConvert:conclock|Clock01:convert33|cont[8]  ; Merged with DATAPATH:calldtp|ClockConvert:conclock|Clock01:convert01|cont[8]  ;
; DATAPATH:calldtp|ClockConvert:conclock|Clock01:convert05|cont[7]  ; Merged with DATAPATH:calldtp|ClockConvert:conclock|Clock01:convert01|cont[7]  ;
; DATAPATH:calldtp|ClockConvert:conclock|Clock01:convert25|cont[7]  ; Merged with DATAPATH:calldtp|ClockConvert:conclock|Clock01:convert01|cont[7]  ;
; DATAPATH:calldtp|ClockConvert:conclock|Clock01:convert33|cont[7]  ; Merged with DATAPATH:calldtp|ClockConvert:conclock|Clock01:convert01|cont[7]  ;
; DATAPATH:calldtp|ClockConvert:conclock|Clock01:convert05|cont[6]  ; Merged with DATAPATH:calldtp|ClockConvert:conclock|Clock01:convert01|cont[6]  ;
; DATAPATH:calldtp|ClockConvert:conclock|Clock01:convert25|cont[6]  ; Merged with DATAPATH:calldtp|ClockConvert:conclock|Clock01:convert01|cont[6]  ;
; DATAPATH:calldtp|ClockConvert:conclock|Clock01:convert33|cont[6]  ; Merged with DATAPATH:calldtp|ClockConvert:conclock|Clock01:convert01|cont[6]  ;
; DATAPATH:calldtp|ClockConvert:conclock|Clock01:convert05|cont[5]  ; Merged with DATAPATH:calldtp|ClockConvert:conclock|Clock01:convert01|cont[5]  ;
; DATAPATH:calldtp|ClockConvert:conclock|Clock01:convert25|cont[5]  ; Merged with DATAPATH:calldtp|ClockConvert:conclock|Clock01:convert01|cont[5]  ;
; DATAPATH:calldtp|ClockConvert:conclock|Clock01:convert33|cont[5]  ; Merged with DATAPATH:calldtp|ClockConvert:conclock|Clock01:convert01|cont[5]  ;
; DATAPATH:calldtp|ClockConvert:conclock|Clock01:convert05|cont[4]  ; Merged with DATAPATH:calldtp|ClockConvert:conclock|Clock01:convert01|cont[4]  ;
; DATAPATH:calldtp|ClockConvert:conclock|Clock01:convert25|cont[4]  ; Merged with DATAPATH:calldtp|ClockConvert:conclock|Clock01:convert01|cont[4]  ;
; DATAPATH:calldtp|ClockConvert:conclock|Clock01:convert33|cont[4]  ; Merged with DATAPATH:calldtp|ClockConvert:conclock|Clock01:convert01|cont[4]  ;
; DATAPATH:calldtp|ClockConvert:conclock|Clock01:convert05|cont[3]  ; Merged with DATAPATH:calldtp|ClockConvert:conclock|Clock01:convert01|cont[3]  ;
; DATAPATH:calldtp|ClockConvert:conclock|Clock01:convert25|cont[3]  ; Merged with DATAPATH:calldtp|ClockConvert:conclock|Clock01:convert01|cont[3]  ;
; DATAPATH:calldtp|ClockConvert:conclock|Clock01:convert33|cont[3]  ; Merged with DATAPATH:calldtp|ClockConvert:conclock|Clock01:convert01|cont[3]  ;
; DATAPATH:calldtp|ClockConvert:conclock|Clock01:convert05|cont[2]  ; Merged with DATAPATH:calldtp|ClockConvert:conclock|Clock01:convert01|cont[2]  ;
; DATAPATH:calldtp|ClockConvert:conclock|Clock01:convert25|cont[2]  ; Merged with DATAPATH:calldtp|ClockConvert:conclock|Clock01:convert01|cont[2]  ;
; DATAPATH:calldtp|ClockConvert:conclock|Clock01:convert33|cont[2]  ; Merged with DATAPATH:calldtp|ClockConvert:conclock|Clock01:convert01|cont[2]  ;
; DATAPATH:calldtp|ClockConvert:conclock|Clock01:convert05|cont[1]  ; Merged with DATAPATH:calldtp|ClockConvert:conclock|Clock01:convert01|cont[1]  ;
; DATAPATH:calldtp|ClockConvert:conclock|Clock01:convert25|cont[1]  ; Merged with DATAPATH:calldtp|ClockConvert:conclock|Clock01:convert01|cont[1]  ;
; DATAPATH:calldtp|ClockConvert:conclock|Clock01:convert33|cont[1]  ; Merged with DATAPATH:calldtp|ClockConvert:conclock|Clock01:convert01|cont[1]  ;
; DATAPATH:calldtp|ClockConvert:conclock|Clock01:convert05|cont[0]  ; Merged with DATAPATH:calldtp|ClockConvert:conclock|Clock01:convert01|cont[0]  ;
; DATAPATH:calldtp|ClockConvert:conclock|Clock01:convert25|cont[0]  ; Merged with DATAPATH:calldtp|ClockConvert:conclock|Clock01:convert01|cont[0]  ;
; DATAPATH:calldtp|ClockConvert:conclock|Clock01:convert33|cont[0]  ; Merged with DATAPATH:calldtp|ClockConvert:conclock|Clock01:convert01|cont[0]  ;
; DATAPATH:calldtp|registrador2:regNv|SAIDA[0,1]                    ; Stuck at GND due to stuck port clock_enable                                   ;
; DATAPATH:calldtp|registrador4:regL|SAIDA[0..3]                    ; Stuck at GND due to stuck port clock_enable                                   ;
; DATAPATH:calldtp|ClockConvert:conclock|Clock01:convert05|saida    ; Lost fanout                                                                   ;
; DATAPATH:calldtp|ClockConvert:conclock|Clock01:convert33|saida    ; Lost fanout                                                                   ;
; DATAPATH:calldtp|ClockConvert:conclock|Clock01:convert25|saida    ; Lost fanout                                                                   ;
; ButtonSync:callbtns|btn3state.SaidaAtiva                          ; Lost fanout                                                                   ;
; ButtonSync:callbtns|btn3state.EsperaSoltar                        ; Lost fanout                                                                   ;
; ButtonSync:callbtns|btn3state.EsperaApertar                       ; Lost fanout                                                                   ;
; ButtonSync:callbtns|btn2state.SaidaAtiva                          ; Lost fanout                                                                   ;
; ButtonSync:callbtns|btn2state.EsperaSoltar                        ; Lost fanout                                                                   ;
; ButtonSync:callbtns|btn2state.EsperaApertar                       ; Lost fanout                                                                   ;
; ButtonSync:callbtns|btn1state.EsperaSoltar                        ; Lost fanout                                                                   ;
; ButtonSync:callbtns|btn0state.EsperaSoltar                        ; Lost fanout                                                                   ;
; FSM:callfsm|EAtual.SETUP                                          ; Lost fanout                                                                   ;
; FSM:callfsm|EAtual.GAME                                           ; Lost fanout                                                                   ;
; FSM:callfsm|EAtual.RESULT                                         ; Lost fanout                                                                   ;
; ButtonSync:callbtns|btn1state.EsperaApertar                       ; Lost fanout                                                                   ;
; ButtonSync:callbtns|btn1state.SaidaAtiva                          ; Lost fanout                                                                   ;
; Total Number of Removed Registers = 108                           ;                                                                               ;
+-------------------------------------------------------------------+-------------------------------------------------------------------------------+


+-------------------------------------------------------------------------------------------------------------------------------------------------+
; Removed Registers Triggering Further Register Optimizations                                                                                     ;
+----------------------------------------------+--------------------------------+-----------------------------------------------------------------+
; Register name                                ; Reason for Removal             ; Registers Removed due to This Register                          ;
+----------------------------------------------+--------------------------------+-----------------------------------------------------------------+
; DATAPATH:calldtp|registrador2:regNv|SAIDA[1] ; Stuck at GND                   ; DATAPATH:calldtp|registrador4:regL|SAIDA[3],                    ;
;                                              ; due to stuck port clock_enable ; DATAPATH:calldtp|registrador4:regL|SAIDA[2],                    ;
;                                              ;                                ; DATAPATH:calldtp|registrador4:regL|SAIDA[1],                    ;
;                                              ;                                ; DATAPATH:calldtp|registrador4:regL|SAIDA[0],                    ;
;                                              ;                                ; DATAPATH:calldtp|ClockConvert:conclock|Clock01:convert05|saida, ;
;                                              ;                                ; DATAPATH:calldtp|ClockConvert:conclock|Clock01:convert33|saida, ;
;                                              ;                                ; DATAPATH:calldtp|ClockConvert:conclock|Clock01:convert25|saida  ;
; ButtonSync:callbtns|btn3state.SaidaAtiva     ; Lost Fanouts                   ; ButtonSync:callbtns|btn3state.EsperaApertar                     ;
; ButtonSync:callbtns|btn2state.SaidaAtiva     ; Lost Fanouts                   ; ButtonSync:callbtns|btn2state.EsperaApertar                     ;
; ButtonSync:callbtns|btn1state.EsperaSoltar   ; Lost Fanouts                   ; ButtonSync:callbtns|btn1state.EsperaApertar                     ;
+----------------------------------------------+--------------------------------+-----------------------------------------------------------------+


+------------------------------------------------------+
; General Register Statistics                          ;
+----------------------------------------------+-------+
; Statistic                                    ; Value ;
+----------------------------------------------+-------+
; Total registers                              ; 36    ;
; Number of registers using Synchronous Clear  ; 28    ;
; Number of registers using Synchronous Load   ; 0     ;
; Number of registers using Asynchronous Clear ; 5     ;
; Number of registers using Asynchronous Load  ; 0     ;
; Number of registers using Clock Enable       ; 2     ;
; Number of registers using Preset             ; 0     ;
+----------------------------------------------+-------+


+--------------------------------------------------------------------------------------------------------------------------------------------------------------------------------+
; Multiplexer Restructuring Statistics (Restructuring Performed)                                                                                                                 ;
+--------------------+-----------+---------------+----------------------+------------------------+------------+------------------------------------------------------------------+
; Multiplexer Inputs ; Bus Width ; Baseline Area ; Area if Restructured ; Saving if Restructured ; Registered ; Example Multiplexer Output                                       ;
+--------------------+-----------+---------------+----------------------+------------------------+------------+------------------------------------------------------------------+
; 3:1                ; 3 bits    ; 6 LEs         ; 6 LEs                ; 0 LEs                  ; No         ; |joguinhoTopzudo|DATAPATH:calldtp|decodificador:dhex4|display[1] ;
; 3:1                ; 2 bits    ; 4 LEs         ; 4 LEs                ; 0 LEs                  ; No         ; |joguinhoTopzudo|DATAPATH:calldtp|decodificador:dhex3|display[6] ;
; 4:1                ; 3 bits    ; 6 LEs         ; 6 LEs                ; 0 LEs                  ; No         ; |joguinhoTopzudo|DATAPATH:calldtp|DeslocadorGeral:dg|saida[6]    ;
+--------------------+-----------+---------------+----------------------+------------------------+------------+------------------------------------------------------------------+


+--------------------------------------------------------------------+
; Port Connectivity Checks: "DATAPATH:calldtp|multiplexador16:mux16" ;
+-----------------+-------+----------+-------------------------------+
; Port            ; Type  ; Severity ; Details                       ;
+-----------------+-------+----------+-------------------------------+
; entrada1        ; Input ; Info     ; Stuck at GND                  ;
; entrada2[9..1]  ; Input ; Info     ; Stuck at GND                  ;
; entrada2[0]     ; Input ; Info     ; Stuck at VCC                  ;
; entrada3[1..0]  ; Input ; Info     ; Stuck at VCC                  ;
; entrada3[9..2]  ; Input ; Info     ; Stuck at GND                  ;
; entrada4[2..0]  ; Input ; Info     ; Stuck at VCC                  ;
; entrada4[9..3]  ; Input ; Info     ; Stuck at GND                  ;
; entrada5[3..0]  ; Input ; Info     ; Stuck at VCC                  ;
; entrada5[9..4]  ; Input ; Info     ; Stuck at GND                  ;
; entrada6[4..0]  ; Input ; Info     ; Stuck at VCC                  ;
; entrada6[9..5]  ; Input ; Info     ; Stuck at GND                  ;
; entrada7[5..0]  ; Input ; Info     ; Stuck at VCC                  ;
; entrada7[9..6]  ; Input ; Info     ; Stuck at GND                  ;
; entrada8[6..0]  ; Input ; Info     ; Stuck at VCC                  ;
; entrada8[9..7]  ; Input ; Info     ; Stuck at GND                  ;
; entrada9[7..0]  ; Input ; Info     ; Stuck at VCC                  ;
; entrada9[9..8]  ; Input ; Info     ; Stuck at GND                  ;
; entrada10[8..0] ; Input ; Info     ; Stuck at VCC                  ;
; entrada10[9]    ; Input ; Info     ; Stuck at GND                  ;
; entrada11       ; Input ; Info     ; Stuck at VCC                  ;
; entrada12[9..5] ; Input ; Info     ; Stuck at VCC                  ;
; entrada12[4..0] ; Input ; Info     ; Stuck at GND                  ;
; entrada13[9..6] ; Input ; Info     ; Stuck at VCC                  ;
; entrada13[5..0] ; Input ; Info     ; Stuck at GND                  ;
; entrada14[9..7] ; Input ; Info     ; Stuck at VCC                  ;
; entrada14[6..0] ; Input ; Info     ; Stuck at GND                  ;
; entrada15[9..8] ; Input ; Info     ; Stuck at VCC                  ;
; entrada15[7..0] ; Input ; Info     ; Stuck at GND                  ;
; entrada16[8..0] ; Input ; Info     ; Stuck at GND                  ;
; entrada16[9]    ; Input ; Info     ; Stuck at VCC                  ;
+-----------------+-------+----------+-------------------------------+


+------------------------------------------------------------------+
; Port Connectivity Checks: "DATAPATH:calldtp|decodificador:dhex4" ;
+---------------+-------+----------+-------------------------------+
; Port          ; Type  ; Severity ; Details                       ;
+---------------+-------+----------+-------------------------------+
; entrada[3..2] ; Input ; Info     ; Stuck at GND                  ;
+---------------+-------+----------+-------------------------------+


+----------------------------------------------------------------------------------------------------------------+
; Port Connectivity Checks: "ButtonSync:callbtns"                                                                ;
+------+--------+----------+-------------------------------------------------------------------------------------+
; Port ; Type   ; Severity ; Details                                                                             ;
+------+--------+----------+-------------------------------------------------------------------------------------+
; btn2 ; Output ; Info     ; Connected to dangling logic. Logic that only feeds a dangling port will be removed. ;
; btn3 ; Output ; Info     ; Connected to dangling logic. Logic that only feeds a dangling port will be removed. ;
+------+--------+----------+-------------------------------------------------------------------------------------+


+-----------------------------------------------------+
; Post-Synthesis Netlist Statistics for Top Partition ;
+-----------------------+-----------------------------+
; Type                  ; Count                       ;
+-----------------------+-----------------------------+
; arriav_ff             ; 36                          ;
;     CLR               ; 3                           ;
;     ENA CLR           ; 2                           ;
;     SCLR              ; 28                          ;
;     plain             ; 3                           ;
; arriav_lcell_comb     ; 66                          ;
;     arith             ; 28                          ;
;         1 data inputs ; 28                          ;
;     normal            ; 38                          ;
;         0 data inputs ; 2                           ;
;         1 data inputs ; 6                           ;
;         2 data inputs ; 4                           ;
;         3 data inputs ; 3                           ;
;         4 data inputs ; 15                          ;
;         5 data inputs ; 2                           ;
;         6 data inputs ; 6                           ;
; boundary_port         ; 67                          ;
;                       ;                             ;
; Max LUT depth         ; 3.70                        ;
; Average LUT depth     ; 2.28                        ;
+-----------------------+-----------------------------+


+-------------------------------+
; Elapsed Time Per Partition    ;
+----------------+--------------+
; Partition Name ; Elapsed Time ;
+----------------+--------------+
; Top            ; 00:00:01     ;
+----------------+--------------+


+-------------------------------+
; Analysis & Synthesis Messages ;
+-------------------------------+
Info: *******************************************************************
Info: Running Quartus II 64-Bit Analysis & Synthesis
    Info: Version 15.0.0 Build 145 04/22/2015 SJ Web Edition
    Info: Processing started: Thu Nov 23 18:24:11 2017
Info: Command: quartus_map --read_settings_files=on --write_settings_files=off joguinhoTopper -c joguinhoTopper
Info (11104): Parallel Compilation has detected 4 hyper-threaded processors. However, the extra hyper-threaded processors will not be used by default. Parallel Compilation will use 2 of the 2 physical processors detected instead.
Info (12021): Found 2 design units, including 1 entities, in source file buttonsync.vhd
    Info (12022): Found design unit 1: ButtonSync-ButtonSyncImpl
    Info (12023): Found entity 1: ButtonSync
Info (12021): Found 2 design units, including 1 entities, in source file joguinhotopzudo.vhd
    Info (12022): Found design unit 1: joguinhoTopzudo-joguinhoTopArch
    Info (12023): Found entity 1: joguinhoTopzudo
Info (12021): Found 2 design units, including 1 entities, in source file selecionarom.vhd
    Info (12022): Found design unit 1: selecionaRom-selecionaRomArch
    Info (12023): Found entity 1: selecionaRom
Info (12021): Found 2 design units, including 1 entities, in source file rom3.vhd
    Info (12022): Found design unit 1: ROM3-behavioral
    Info (12023): Found entity 1: ROM3
Info (12021): Found 2 design units, including 1 entities, in source file rom2.vhd
    Info (12022): Found design unit 1: ROM2-behavioral
    Info (12023): Found entity 1: ROM2
Info (12021): Found 2 design units, including 1 entities, in source file rom1.vhd
    Info (12022): Found design unit 1: ROM1-behavioral
    Info (12023): Found entity 1: ROM1
Info (12021): Found 2 design units, including 1 entities, in source file rom0.vhd
    Info (12022): Found design unit 1: ROM0-behavioral
    Info (12023): Found entity 1: ROM0
Info (12021): Found 2 design units, including 1 entities, in source file registrador4.vhd
    Info (12022): Found design unit 1: registrador4-behv
    Info (12023): Found entity 1: registrador4
Info (12021): Found 2 design units, including 1 entities, in source file registrador2.vhd
    Info (12022): Found design unit 1: registrador2-behv
    Info (12023): Found entity 1: registrador2
Info (12021): Found 2 design units, including 1 entities, in source file mux4e1b.vhd
    Info (12022): Found design unit 1: mux4e1b-mux
    Info (12023): Found entity 1: mux4e1b
Warning (12019): Can't analyze file -- file Multiplicador.vhd is missing
Info (12021): Found 2 design units, including 1 entities, in source file multiplexador16.vhd
    Info (12022): Found design unit 1: multiplexador16-mux
    Info (12023): Found entity 1: multiplexador16
Info (12021): Found 2 design units, including 1 entities, in source file multiplexador4.vhd
    Info (12022): Found design unit 1: multiplexador4-mux
    Info (12023): Found entity 1: multiplexador4
Info (12021): Found 2 design units, including 1 entities, in source file fsm.vhd
    Info (12022): Found design unit 1: FSM-FSMArch
    Info (12023): Found entity 1: FSM
Info (12021): Found 2 design units, including 1 entities, in source file deslocadorgeral.vhd
    Info (12022): Found design unit 1: DeslocadorGeral-DGArch
    Info (12023): Found entity 1: DeslocadorGeral
Info (12021): Found 2 design units, including 1 entities, in source file decodificador.vhd
    Info (12022): Found design unit 1: decodificador-circuito
    Info (12023): Found entity 1: decodificador
Info (12021): Found 2 design units, including 1 entities, in source file datapath.vhd
    Info (12022): Found design unit 1: DATAPATH-DATAPATHArch
    Info (12023): Found entity 1: DATAPATH
Info (12021): Found 2 design units, including 1 entities, in source file clockconvert.vhd
    Info (12022): Found design unit 1: ClockConvert-ClockConvertArch
    Info (12023): Found entity 1: ClockConvert
Info (12021): Found 2 design units, including 1 entities, in source file clock33.vhd
    Info (12022): Found design unit 1: Clock33-Clock33Arch
    Info (12023): Found entity 1: Clock33
Info (12021): Found 2 design units, including 1 entities, in source file clock25.vhd
    Info (12022): Found design unit 1: Clock25-Clock25Arch
    Info (12023): Found entity 1: Clock25
Info (12021): Found 2 design units, including 1 entities, in source file clock05.vhd
    Info (12022): Found design unit 1: Clock05-Clock05Arch
    Info (12023): Found entity 1: Clock05
Info (12021): Found 2 design units, including 1 entities, in source file clock01.vhd
    Info (12022): Found design unit 1: Clock01-Clock01Arch
    Info (12023): Found entity 1: Clock01
Info (12127): Elaborating entity "joguinhoTopzudo" for the top level hierarchy
Warning (10036): Verilog HDL or VHDL warning at joguinhoTopzudo.vhd(31): object "BTN2" assigned a value but never read
Warning (10036): Verilog HDL or VHDL warning at joguinhoTopzudo.vhd(32): object "BTN3" assigned a value but never read
Info (12128): Elaborating entity "ButtonSync" for hierarchy "ButtonSync:callbtns"
Info (12128): Elaborating entity "DATAPATH" for hierarchy "DATAPATH:calldtp"
Info (12128): Elaborating entity "registrador4" for hierarchy "DATAPATH:calldtp|registrador4:regL"
Info (12128): Elaborating entity "registrador2" for hierarchy "DATAPATH:calldtp|registrador2:regNv"
Info (12128): Elaborating entity "decodificador" for hierarchy "DATAPATH:calldtp|decodificador:dhex4"
Info (12128): Elaborating entity "ClockConvert" for hierarchy "DATAPATH:calldtp|ClockConvert:conclock"
Info (12128): Elaborating entity "Clock01" for hierarchy "DATAPATH:calldtp|ClockConvert:conclock|Clock01:convert01"
Info (12128): Elaborating entity "mux4e1b" for hierarchy "DATAPATH:calldtp|ClockConvert:conclock|mux4e1b:decision"
Info (12128): Elaborating entity "multiplexador16" for hierarchy "DATAPATH:calldtp|multiplexador16:mux16"
Info (12128): Elaborating entity "DeslocadorGeral" for hierarchy "DATAPATH:calldtp|DeslocadorGeral:dg"
Info (12128): Elaborating entity "selecionaRom" for hierarchy "DATAPATH:calldtp|selecionaRom:selctmem"
Info (12128): Elaborating entity "ROM0" for hierarchy "DATAPATH:calldtp|selecionaRom:selctmem|ROM0:lerom0"
Info (12128): Elaborating entity "ROM1" for hierarchy "DATAPATH:calldtp|selecionaRom:selctmem|ROM1:lerom1"
Info (12128): Elaborating entity "ROM2" for hierarchy "DATAPATH:calldtp|selecionaRom:selctmem|ROM2:lerom2"
Info (12128): Elaborating entity "ROM3" for hierarchy "DATAPATH:calldtp|selecionaRom:selctmem|ROM3:lerom3"
Info (12128): Elaborating entity "multiplexador4" for hierarchy "DATAPATH:calldtp|selecionaRom:selctmem|multiplexador4:selmem"
Info (12128): Elaborating entity "FSM" for hierarchy "FSM:callfsm"
Warning (10492): VHDL Process Statement warning at FSM.vhd(55): signal "BTN1" is read inside the Process Statement but isn't in the Process Statement's sensitivity list
Warning (19016): Clock multiplexers are found and protected
    Warning (19017): Found clock multiplexer DATAPATH:calldtp|ClockConvert:conclock|mux4e1b:decision|saida
    Warning (19017): Found clock multiplexer DATAPATH:calldtp|ClockConvert:conclock|mux4e1b:decision|saida~0
    Warning (19017): Found clock multiplexer DATAPATH:calldtp|ClockConvert:conclock|mux4e1b:decision|saida~1
Warning (13024): Output pins are stuck at VCC or GND
    Warning (13410): Pin "HEX5[0]" is stuck at VCC
    Warning (13410): Pin "HEX5[1]" is stuck at VCC
    Warning (13410): Pin "HEX5[2]" is stuck at VCC
    Warning (13410): Pin "HEX5[3]" is stuck at GND
    Warning (13410): Pin "HEX5[4]" is stuck at GND
    Warning (13410): Pin "HEX5[5]" is stuck at GND
    Warning (13410): Pin "HEX5[6]" is stuck at VCC
    Warning (13410): Pin "HEX4[0]" is stuck at GND
    Warning (13410): Pin "HEX4[1]" is stuck at GND
    Warning (13410): Pin "HEX4[2]" is stuck at GND
    Warning (13410): Pin "HEX4[3]" is stuck at GND
    Warning (13410): Pin "HEX4[4]" is stuck at GND
    Warning (13410): Pin "HEX4[5]" is stuck at GND
    Warning (13410): Pin "HEX4[6]" is stuck at VCC
    Warning (13410): Pin "HEX3[0]" is stuck at GND
    Warning (13410): Pin "HEX3[1]" is stuck at GND
    Warning (13410): Pin "HEX3[2]" is stuck at GND
    Warning (13410): Pin "HEX3[3]" is stuck at GND
    Warning (13410): Pin "HEX3[4]" is stuck at GND
    Warning (13410): Pin "HEX3[5]" is stuck at GND
    Warning (13410): Pin "HEX3[6]" is stuck at VCC
    Warning (13410): Pin "HEX1[0]" is stuck at VCC
    Warning (13410): Pin "HEX1[1]" is stuck at VCC
    Warning (13410): Pin "HEX1[2]" is stuck at GND
    Warning (13410): Pin "HEX1[3]" is stuck at GND
    Warning (13410): Pin "HEX1[4]" is stuck at GND
    Warning (13410): Pin "HEX1[5]" is stuck at GND
    Warning (13410): Pin "HEX1[6]" is stuck at GND
    Warning (13410): Pin "HEX0[0]" is stuck at GND
    Warning (13410): Pin "HEX0[1]" is stuck at VCC
    Warning (13410): Pin "HEX0[2]" is stuck at VCC
    Warning (13410): Pin "HEX0[3]" is stuck at GND
    Warning (13410): Pin "HEX0[4]" is stuck at GND
    Warning (13410): Pin "HEX0[5]" is stuck at GND
    Warning (13410): Pin "HEX0[6]" is stuck at GND
Info (286030): Timing-Driven Synthesis is running
Info (17049): 16 registers lost all their fanouts during netlist optimizations.
Info (17016): Found the following redundant logic cells in design
    Info (17048): Logic cell "DATAPATH:calldtp|ClockConvert:conclock|mux4e1b:decision|saida"
Warning (20013): Ignored assignments for entity "ghrd_top" -- entity does not exist in design
    Warning (20014): Assignment for entity set_instance_assignment -name PARTITION_HIERARCHY root_partition -to | -entity ghrd_top -section_id Top was ignored
    Warning (20014): Assignment for entity set_global_assignment -name PARTITION_NETLIST_TYPE SOURCE -entity ghrd_top -section_id Top was ignored
    Warning (20014): Assignment for entity set_global_assignment -name PARTITION_FITTER_PRESERVATION_LEVEL PLACEMENT_AND_ROUTING -entity ghrd_top -section_id Top was ignored
    Warning (20014): Assignment for entity set_global_assignment -name PARTITION_PRESERVE_HIGH_SPEED_TILES ON -entity ghrd_top -section_id Top was ignored
    Warning (20014): Assignment for entity set_global_assignment -name PARTITION_IGNORE_SOURCE_FILE_CHANGES OFF -entity ghrd_top -section_id Top was ignored
    Warning (20014): Assignment for entity set_global_assignment -name PARTITION_ALWAYS_USE_QXP_NETLIST OFF -entity ghrd_top -section_id Top was ignored
    Warning (20014): Assignment for entity set_global_assignment -name PARTITION_COLOR 16764057 -entity ghrd_top -section_id Top was ignored
    Warning (20014): Assignment for entity set_global_assignment -name PARTITION_IMPORT_ASSIGNMENTS ON -entity ghrd_top -section_id Top was ignored
    Warning (20014): Assignment for entity set_global_assignment -name PARTITION_IMPORT_EXISTING_ASSIGNMENTS REPLACE_CONFLICTING -entity ghrd_top -section_id Top was ignored
    Warning (20014): Assignment for entity set_global_assignment -name PARTITION_IMPORT_EXISTING_LOGICLOCK_REGIONS UPDATE_CONFLICTING -entity ghrd_top -section_id Top was ignored
    Warning (20014): Assignment for entity set_global_assignment -name PARTITION_IMPORT_PIN_ASSIGNMENTS ON -entity ghrd_top -section_id Top was ignored
    Warning (20014): Assignment for entity set_global_assignment -name PARTITION_IMPORT_PROMOTE_ASSIGNMENTS ON -entity ghrd_top -section_id Top was ignored
    Warning (20014): Assignment for entity set_global_assignment -name PARTITION_TYPE STANDARD_PARTITION -entity ghrd_top -section_id Top was ignored
    Warning (20014): Assignment for entity set_global_assignment -name ALLOW_MULTIPLE_PERSONAS OFF -entity ghrd_top -section_id Top was ignored
    Warning (20014): Assignment for entity set_global_assignment -name PARTITION_ASD_REGION_ID 1 -entity ghrd_top -section_id Top was ignored
    Warning (20014): Assignment for entity set_global_assignment -name CROSS_BOUNDARY_OPTIMIZATIONS OFF -entity ghrd_top -section_id Top was ignored
    Warning (20014): Assignment for entity set_global_assignment -name PROPAGATE_CONSTANTS_ON_INPUTS ON -entity ghrd_top -section_id Top was ignored
    Warning (20014): Assignment for entity set_global_assignment -name PROPAGATE_INVERSIONS_ON_INPUTS ON -entity ghrd_top -section_id Top was ignored
    Warning (20014): Assignment for entity set_global_assignment -name REMOVE_LOGIC_ON_UNCONNECTED_OUTPUTS ON -entity ghrd_top -section_id Top was ignored
    Warning (20014): Assignment for entity set_global_assignment -name MERGE_EQUIVALENT_INPUTS ON -entity ghrd_top -section_id Top was ignored
    Warning (20014): Assignment for entity set_global_assignment -name MERGE_EQUIVALENT_BIDIRS ON -entity ghrd_top -section_id Top was ignored
    Warning (20014): Assignment for entity set_global_assignment -name ABSORB_PATHS_FROM_OUTPUTS_TO_INPUTS ON -entity ghrd_top -section_id Top was ignored
    Warning (20014): Assignment for entity set_global_assignment -name PARTITION_EXTRACT_HARD_BLOCK_NODES ON -entity ghrd_top -section_id Top was ignored
    Warning (20014): Assignment for entity set_global_assignment -name PARTITION_ENABLE_STRICT_PRESERVATION OFF -entity ghrd_top -section_id Top was ignored
Info (16010): Generating hard_block partition "hard_block:auto_generated_inst"
    Info (16011): Adding 0 node(s), including 0 DDIO, 0 PLL, 0 transceiver and 0 LCELL
Warning (21074): Design contains 5 input pin(s) that do not drive logic
    Warning (15610): No output dependent on input pin "SW[9]"
    Warning (15610): No output dependent on input pin "SW[8]"
    Warning (15610): No output dependent on input pin "KEY[3]"
    Warning (15610): No output dependent on input pin "KEY[2]"
    Warning (15610): No output dependent on input pin "KEY[1]"
Info (21057): Implemented 130 device resources after synthesis - the final resource count might be different
    Info (21058): Implemented 15 input pins
    Info (21059): Implemented 52 output pins
    Info (21061): Implemented 63 logic cells
Info: Quartus II 64-Bit Analysis & Synthesis was successful. 0 errors, 75 warnings
    Info: Peak virtual memory: 794 megabytes
    Info: Processing ended: Thu Nov 23 18:24:36 2017
    Info: Elapsed time: 00:00:25
    Info: Total CPU time (on all processors): 00:00:54


