Analysis & Synthesis report for Jogo
Thu Nov 30 21:43:32 2017
Quartus II 64-Bit Version 15.0.0 Build 145 04/22/2015 SJ Web Edition


---------------------
; Table of Contents ;
---------------------
  1. Legal Notice
  2. Analysis & Synthesis Summary
  3. Analysis & Synthesis Settings
  4. Parallel Compilation
  5. Analysis & Synthesis Source Files Read
  6. Analysis & Synthesis Resource Usage Summary
  7. Analysis & Synthesis Resource Utilization by Entity
  8. State Machine - |topo|controle:C|EA
  9. State Machine - |topo|ButtonSync:sync|btn3state
 10. State Machine - |topo|ButtonSync:sync|btn2state
 11. State Machine - |topo|ButtonSync:sync|btn1state
 12. State Machine - |topo|ButtonSync:sync|btn0state
 13. Registers Removed During Synthesis
 14. Removed Registers Triggering Further Register Optimizations
 15. General Register Statistics
 16. Multiplexer Restructuring Statistics (Restructuring Performed)
 17. Port Connectivity Checks: "datapath:D|mux:M3"
 18. Port Connectivity Checks: "ButtonSync:sync"
 19. Post-Synthesis Netlist Statistics for Top Partition
 20. Elapsed Time Per Partition
 21. Analysis & Synthesis Messages



----------------
; Legal Notice ;
----------------
Copyright (C) 1991-2015 Altera Corporation. All rights reserved.
Your use of Altera Corporation's design tools, logic functions 
and other software and tools, and its AMPP partner logic 
functions, and any output files from any of the foregoing 
(including device programming or simulation files), and any 
associated documentation or information are expressly subject 
to the terms and conditions of the Altera Program License 
Subscription Agreement, the Altera Quartus II License Agreement,
the Altera MegaCore Function License Agreement, or other 
applicable license agreement, including, without limitation, 
that your use is for the sole purpose of programming logic 
devices manufactured by Altera and sold by Altera or its 
authorized distributors.  Please refer to the applicable 
agreement for further details.



+------------------------------------------------------------------------------+
; Analysis & Synthesis Summary                                                 ;
+---------------------------------+--------------------------------------------+
; Analysis & Synthesis Status     ; Successful - Thu Nov 30 21:43:32 2017      ;
; Quartus II 64-Bit Version       ; 15.0.0 Build 145 04/22/2015 SJ Web Edition ;
; Revision Name                   ; Jogo                                       ;
; Top-level Entity Name           ; topo                                       ;
; Family                          ; Cyclone V                                  ;
; Logic utilization (in ALMs)     ; N/A                                        ;
; Total registers                 ; 167                                        ;
; Total pins                      ; 69                                         ;
; Total virtual pins              ; 0                                          ;
; Total block memory bits         ; 0                                          ;
; Total DSP Blocks                ; 0                                          ;
; Total HSSI RX PCSs              ; 0                                          ;
; Total HSSI PMA RX Deserializers ; 0                                          ;
; Total HSSI TX PCSs              ; 0                                          ;
; Total HSSI PMA TX Serializers   ; 0                                          ;
; Total PLLs                      ; 0                                          ;
; Total DLLs                      ; 0                                          ;
+---------------------------------+--------------------------------------------+


+---------------------------------------------------------------------------------------------------------------------------+
; Analysis & Synthesis Settings                                                                                             ;
+---------------------------------------------------------------------------------+--------------------+--------------------+
; Option                                                                          ; Setting            ; Default Value      ;
+---------------------------------------------------------------------------------+--------------------+--------------------+
; Device                                                                          ; 5CSEMA5F31C6       ;                    ;
; Top-level entity name                                                           ; topo               ; Jogo               ;
; Family name                                                                     ; Cyclone V          ; Cyclone V          ;
; Use smart compilation                                                           ; Off                ; Off                ;
; Enable parallel Assembler and TimeQuest Timing Analyzer during compilation      ; On                 ; On                 ;
; Enable compact report table                                                     ; Off                ; Off                ;
; Restructure Multiplexers                                                        ; Auto               ; Auto               ;
; MLAB Add Timing Constraints For Mixed-Port Feed-Through Mode Setting Don't Care ; Off                ; Off                ;
; Create Debugging Nodes for IP Cores                                             ; Off                ; Off                ;
; Preserve fewer node names                                                       ; On                 ; On                 ;
; Disable OpenCore Plus hardware evaluation                                       ; Off                ; Off                ;
; Verilog Version                                                                 ; Verilog_2001       ; Verilog_2001       ;
; VHDL Version                                                                    ; VHDL_1993          ; VHDL_1993          ;
; State Machine Processing                                                        ; Auto               ; Auto               ;
; Safe State Machine                                                              ; Off                ; Off                ;
; Extract Verilog State Machines                                                  ; On                 ; On                 ;
; Extract VHDL State Machines                                                     ; On                 ; On                 ;
; Ignore Verilog initial constructs                                               ; Off                ; Off                ;
; Iteration limit for constant Verilog loops                                      ; 5000               ; 5000               ;
; Iteration limit for non-constant Verilog loops                                  ; 250                ; 250                ;
; Add Pass-Through Logic to Inferred RAMs                                         ; On                 ; On                 ;
; Infer RAMs from Raw Logic                                                       ; On                 ; On                 ;
; Parallel Synthesis                                                              ; On                 ; On                 ;
; DSP Block Balancing                                                             ; Auto               ; Auto               ;
; NOT Gate Push-Back                                                              ; On                 ; On                 ;
; Power-Up Don't Care                                                             ; On                 ; On                 ;
; Remove Redundant Logic Cells                                                    ; Off                ; Off                ;
; Remove Duplicate Registers                                                      ; On                 ; On                 ;
; Ignore CARRY Buffers                                                            ; Off                ; Off                ;
; Ignore CASCADE Buffers                                                          ; Off                ; Off                ;
; Ignore GLOBAL Buffers                                                           ; Off                ; Off                ;
; Ignore ROW GLOBAL Buffers                                                       ; Off                ; Off                ;
; Ignore LCELL Buffers                                                            ; Off                ; Off                ;
; Ignore SOFT Buffers                                                             ; On                 ; On                 ;
; Limit AHDL Integers to 32 Bits                                                  ; Off                ; Off                ;
; Optimization Technique                                                          ; Balanced           ; Balanced           ;
; Carry Chain Length                                                              ; 70                 ; 70                 ;
; Auto Carry Chains                                                               ; On                 ; On                 ;
; Auto Open-Drain Pins                                                            ; On                 ; On                 ;
; Perform WYSIWYG Primitive Resynthesis                                           ; Off                ; Off                ;
; Auto ROM Replacement                                                            ; On                 ; On                 ;
; Auto RAM Replacement                                                            ; On                 ; On                 ;
; Auto DSP Block Replacement                                                      ; On                 ; On                 ;
; Auto Shift Register Replacement                                                 ; Auto               ; Auto               ;
; Allow Shift Register Merging across Hierarchies                                 ; Auto               ; Auto               ;
; Auto Clock Enable Replacement                                                   ; On                 ; On                 ;
; Strict RAM Replacement                                                          ; Off                ; Off                ;
; Allow Synchronous Control Signals                                               ; On                 ; On                 ;
; Force Use of Synchronous Clear Signals                                          ; Off                ; Off                ;
; Auto Resource Sharing                                                           ; Off                ; Off                ;
; Allow Any RAM Size For Recognition                                              ; Off                ; Off                ;
; Allow Any ROM Size For Recognition                                              ; Off                ; Off                ;
; Allow Any Shift Register Size For Recognition                                   ; Off                ; Off                ;
; Use LogicLock Constraints during Resource Balancing                             ; On                 ; On                 ;
; Ignore translate_off and synthesis_off directives                               ; Off                ; Off                ;
; Timing-Driven Synthesis                                                         ; On                 ; On                 ;
; Report Parameter Settings                                                       ; On                 ; On                 ;
; Report Source Assignments                                                       ; On                 ; On                 ;
; Report Connectivity Checks                                                      ; On                 ; On                 ;
; Ignore Maximum Fan-Out Assignments                                              ; Off                ; Off                ;
; Synchronization Register Chain Length                                           ; 3                  ; 3                  ;
; PowerPlay Power Optimization During Synthesis                                   ; Normal compilation ; Normal compilation ;
; HDL message level                                                               ; Level2             ; Level2             ;
; Suppress Register Optimization Related Messages                                 ; Off                ; Off                ;
; Number of Removed Registers Reported in Synthesis Report                        ; 5000               ; 5000               ;
; Number of Swept Nodes Reported in Synthesis Report                              ; 5000               ; 5000               ;
; Number of Inverted Registers Reported in Synthesis Report                       ; 100                ; 100                ;
; Clock MUX Protection                                                            ; On                 ; On                 ;
; Auto Gated Clock Conversion                                                     ; Off                ; Off                ;
; Block Design Naming                                                             ; Auto               ; Auto               ;
; SDC constraint protection                                                       ; Off                ; Off                ;
; Synthesis Effort                                                                ; Auto               ; Auto               ;
; Shift Register Replacement - Allow Asynchronous Clear Signal                    ; On                 ; On                 ;
; Pre-Mapping Resynthesis Optimization                                            ; Off                ; Off                ;
; Analysis & Synthesis Message Level                                              ; Medium             ; Medium             ;
; Disable Register Merging Across Hierarchies                                     ; Auto               ; Auto               ;
; Resource Aware Inference For Block RAM                                          ; On                 ; On                 ;
; Synthesis Seed                                                                  ; 1                  ; 1                  ;
; Automatic Parallel Synthesis                                                    ; On                 ; On                 ;
; Partial Reconfiguration Bitstream ID                                            ; Off                ; Off                ;
+---------------------------------------------------------------------------------+--------------------+--------------------+


+------------------------------------------+
; Parallel Compilation                     ;
+----------------------------+-------------+
; Processors                 ; Number      ;
+----------------------------+-------------+
; Number detected on machine ; 4           ;
; Maximum allowed            ; 2           ;
;                            ;             ;
; Average used               ; 1.00        ;
; Maximum used               ; 1           ;
;                            ;             ;
; Usage by Processor         ; % Time Used ;
;     Processor 1            ; 100.0%      ;
;     Processors 2-4         ;   0.0%      ;
+----------------------------+-------------+


+------------------------------------------------------------------------------------------------------------------------------------------------------------------+
; Analysis & Synthesis Source Files Read                                                                                                                           ;
+----------------------------------+-----------------+-----------------+---------------------------------------------------------------------------------+---------+
; File Name with User-Entered Path ; Used in Netlist ; File Type       ; File Name with Absolute Path                                                    ; Library ;
+----------------------------------+-----------------+-----------------+---------------------------------------------------------------------------------+---------+
; topo.vhd                         ; yes             ; User VHDL File  ; C:/Users/kkaldas/Documents/GitHub/Joguinho Clocks Reduzidos/topo.vhd            ;         ;
; ROM4.vhd                         ; yes             ; User VHDL File  ; C:/Users/kkaldas/Documents/GitHub/Joguinho Clocks Reduzidos/ROM4.vhd            ;         ;
; ROM3.vhd                         ; yes             ; User VHDL File  ; C:/Users/kkaldas/Documents/GitHub/Joguinho Clocks Reduzidos/ROM3.vhd            ;         ;
; ROM2.vhd                         ; yes             ; User VHDL File  ; C:/Users/kkaldas/Documents/GitHub/Joguinho Clocks Reduzidos/ROM2.vhd            ;         ;
; ROM1.vhd                         ; yes             ; User VHDL File  ; C:/Users/kkaldas/Documents/GitHub/Joguinho Clocks Reduzidos/ROM1.vhd            ;         ;
; reg_2.vhd                        ; yes             ; User VHDL File  ; C:/Users/kkaldas/Documents/GitHub/Joguinho Clocks Reduzidos/reg_2.vhd           ;         ;
; reg.vhd                          ; yes             ; User VHDL File  ; C:/Users/kkaldas/Documents/GitHub/Joguinho Clocks Reduzidos/reg.vhd             ;         ;
; mux_4x1.vhd                      ; yes             ; User VHDL File  ; C:/Users/kkaldas/Documents/GitHub/Joguinho Clocks Reduzidos/mux_4x1.vhd         ;         ;
; mux.vhd                          ; yes             ; User VHDL File  ; C:/Users/kkaldas/Documents/GitHub/Joguinho Clocks Reduzidos/mux.vhd             ;         ;
; div_freq.vhd                     ; yes             ; User VHDL File  ; C:/Users/kkaldas/Documents/GitHub/Joguinho Clocks Reduzidos/div_freq.vhd        ;         ;
; decod_nv.vhd                     ; yes             ; User VHDL File  ; C:/Users/kkaldas/Documents/GitHub/Joguinho Clocks Reduzidos/decod_nv.vhd        ;         ;
; decod_led.vhd                    ; yes             ; User VHDL File  ; C:/Users/kkaldas/Documents/GitHub/Joguinho Clocks Reduzidos/decod_led.vhd       ;         ;
; decod_4.vhd                      ; yes             ; User VHDL File  ; C:/Users/kkaldas/Documents/GitHub/Joguinho Clocks Reduzidos/decod_4.vhd         ;         ;
; datapath.vhd                     ; yes             ; User VHDL File  ; C:/Users/kkaldas/Documents/GitHub/Joguinho Clocks Reduzidos/datapath.vhd        ;         ;
; controle.vhd                     ; yes             ; User VHDL File  ; C:/Users/kkaldas/Documents/GitHub/Joguinho Clocks Reduzidos/controle.vhd        ;         ;
; contador_end.vhd                 ; yes             ; User VHDL File  ; C:/Users/kkaldas/Documents/GitHub/Joguinho Clocks Reduzidos/contador_end.vhd    ;         ;
; comparadorponto.vhd              ; yes             ; User VHDL File  ; C:/Users/kkaldas/Documents/GitHub/Joguinho Clocks Reduzidos/comparadorponto.vhd ;         ;
; ButtonSync.vhd                   ; yes             ; User VHDL File  ; C:/Users/kkaldas/Documents/GitHub/Joguinho Clocks Reduzidos/ButtonSync.vhd      ;         ;
+----------------------------------+-----------------+-----------------+---------------------------------------------------------------------------------+---------+


+------------------------------------------------------------------+
; Analysis & Synthesis Resource Usage Summary                      ;
+---------------------------------------------+--------------------+
; Resource                                    ; Usage              ;
+---------------------------------------------+--------------------+
; Estimate of Logic utilization (ALMs needed) ; 148                ;
;                                             ;                    ;
; Combinational ALUT usage for logic          ; 247                ;
;     -- 7 input functions                    ; 0                  ;
;     -- 6 input functions                    ; 47                 ;
;     -- 5 input functions                    ; 24                 ;
;     -- 4 input functions                    ; 19                 ;
;     -- <=3 input functions                  ; 157                ;
;                                             ;                    ;
; Dedicated logic registers                   ; 167                ;
;                                             ;                    ;
; I/O pins                                    ; 69                 ;
;                                             ;                    ;
; Total DSP Blocks                            ; 0                  ;
;                                             ;                    ;
; Maximum fan-out node                        ; controle:C|EA.Init ;
; Maximum fan-out                             ; 176                ;
; Total fan-out                               ; 1686               ;
; Average fan-out                             ; 3.05               ;
+---------------------------------------------+--------------------+


+---------------------------------------------------------------------------------------------------------------------------------------------------------------------------+
; Analysis & Synthesis Resource Utilization by Entity                                                                                                                       ;
+----------------------------+-------------------+--------------+-------------------+------------+------+--------------+-------------------------------------+--------------+
; Compilation Hierarchy Node ; LC Combinationals ; LC Registers ; Block Memory Bits ; DSP Blocks ; Pins ; Virtual Pins ; Full Hierarchy Name                 ; Library Name ;
+----------------------------+-------------------+--------------+-------------------+------------+------+--------------+-------------------------------------+--------------+
; |topo                      ; 247 (4)           ; 167 (0)      ; 0                 ; 0          ; 69   ; 0            ; |topo                               ; work         ;
;    |ButtonSync:sync|       ; 4 (4)             ; 4 (4)        ; 0                 ; 0          ; 0    ; 0            ; |topo|ButtonSync:sync               ; work         ;
;    |controle:C|            ; 6 (6)             ; 4 (4)        ; 0                 ; 0          ; 0    ; 0            ; |topo|controle:C                    ; work         ;
;    |datapath:D|            ; 233 (0)           ; 159 (0)      ; 0                 ; 0          ; 0    ; 0            ; |topo|datapath:D                    ; work         ;
;       |comparadorponto:CP| ; 7 (7)             ; 4 (4)        ; 0                 ; 0          ; 0    ; 0            ; |topo|datapath:D|comparadorponto:CP ; work         ;
;       |contador_end:E|     ; 4 (4)             ; 4 (4)        ; 0                 ; 0          ; 0    ; 0            ; |topo|datapath:D|contador_end:E     ; work         ;
;       |decod_4:D2|         ; 10 (10)           ; 0 (0)        ; 0                 ; 0          ; 0    ; 0            ; |topo|datapath:D|decod_4:D2         ; work         ;
;       |decod_4:D3|         ; 10 (10)           ; 0 (0)        ; 0                 ; 0          ; 0    ; 0            ; |topo|datapath:D|decod_4:D3         ; work         ;
;       |decod_4:D5|         ; 7 (7)             ; 0 (0)        ; 0                 ; 0          ; 0    ; 0            ; |topo|datapath:D|decod_4:D5         ; work         ;
;       |decod_4:D6|         ; 2 (2)             ; 0 (0)        ; 0                 ; 0          ; 0    ; 0            ; |topo|datapath:D|decod_4:D6         ; work         ;
;       |decod_led:D4|       ; 11 (11)           ; 0 (0)        ; 0                 ; 0          ; 0    ; 0            ; |topo|datapath:D|decod_led:D4       ; work         ;
;       |decod_nv:D1|        ; 5 (5)             ; 0 (0)        ; 0                 ; 0          ; 0    ; 0            ; |topo|datapath:D|decod_nv:D1        ; work         ;
;       |div_freq:D|         ; 156 (156)         ; 132 (132)    ; 0                 ; 0          ; 0    ; 0            ; |topo|datapath:D|div_freq:D         ; work         ;
;       |mux:M2|             ; 8 (8)             ; 0 (0)        ; 0                 ; 0          ; 0    ; 0            ; |topo|datapath:D|mux:M2             ; work         ;
;       |mux:M3|             ; 10 (10)           ; 0 (0)        ; 0                 ; 0          ; 0    ; 0            ; |topo|datapath:D|mux:M3             ; work         ;
;       |mux_4x1:M1|         ; 3 (3)             ; 0 (0)        ; 0                 ; 0          ; 0    ; 0            ; |topo|datapath:D|mux_4x1:M1         ; work         ;
;       |reg:R5|             ; 0 (0)             ; 8 (8)        ; 0                 ; 0          ; 0    ; 0            ; |topo|datapath:D|reg:R5             ; work         ;
;       |reg:Re3|            ; 0 (0)             ; 7 (7)        ; 0                 ; 0          ; 0    ; 0            ; |topo|datapath:D|reg:Re3            ; work         ;
;       |reg_2:Re1|          ; 0 (0)             ; 2 (2)        ; 0                 ; 0          ; 0    ; 0            ; |topo|datapath:D|reg_2:Re1          ; work         ;
;       |reg_2:Re2|          ; 0 (0)             ; 2 (2)        ; 0                 ; 0          ; 0    ; 0            ; |topo|datapath:D|reg_2:Re2          ; work         ;
+----------------------------+-------------------+--------------+-------------------+------------+------+--------------+-------------------------------------+--------------+
Note: For table entries with two numbers listed, the numbers in parentheses indicate the number of resources of the given type used by the specific entity alone. The numbers listed outside of parentheses indicate the total resources of the given type used by the specific entity and all of its sub-entities in the hierarchy.


Encoding Type:  One-Hot
+------------------------------------------------------+
; State Machine - |topo|controle:C|EA                  ;
+-----------+-----------+---------+----------+---------+
; Name      ; EA.Result ; EA.Game ; EA.Setup ; EA.Init ;
+-----------+-----------+---------+----------+---------+
; EA.Init   ; 0         ; 0       ; 0        ; 0       ;
; EA.Setup  ; 0         ; 0       ; 1        ; 1       ;
; EA.Game   ; 0         ; 1       ; 0        ; 1       ;
; EA.Result ; 1         ; 0       ; 0        ; 1       ;
+-----------+-----------+---------+----------+---------+


Encoding Type:  One-Hot
+---------------------------------------------------------------------------------------------------+
; State Machine - |topo|ButtonSync:sync|btn3state                                                   ;
+-------------------------+------------------------+----------------------+-------------------------+
; Name                    ; btn3state.EsperaSoltar ; btn3state.SaidaAtiva ; btn3state.EsperaApertar ;
+-------------------------+------------------------+----------------------+-------------------------+
; btn3state.EsperaApertar ; 0                      ; 0                    ; 0                       ;
; btn3state.SaidaAtiva    ; 0                      ; 1                    ; 1                       ;
; btn3state.EsperaSoltar  ; 1                      ; 0                    ; 1                       ;
+-------------------------+------------------------+----------------------+-------------------------+


Encoding Type:  One-Hot
+---------------------------------------------------------------------------------------------------+
; State Machine - |topo|ButtonSync:sync|btn2state                                                   ;
+-------------------------+------------------------+----------------------+-------------------------+
; Name                    ; btn2state.EsperaSoltar ; btn2state.SaidaAtiva ; btn2state.EsperaApertar ;
+-------------------------+------------------------+----------------------+-------------------------+
; btn2state.EsperaApertar ; 0                      ; 0                    ; 0                       ;
; btn2state.SaidaAtiva    ; 0                      ; 1                    ; 1                       ;
; btn2state.EsperaSoltar  ; 1                      ; 0                    ; 1                       ;
+-------------------------+------------------------+----------------------+-------------------------+


Encoding Type:  One-Hot
+---------------------------------------------------------------------------------------------------+
; State Machine - |topo|ButtonSync:sync|btn1state                                                   ;
+-------------------------+------------------------+----------------------+-------------------------+
; Name                    ; btn1state.EsperaSoltar ; btn1state.SaidaAtiva ; btn1state.EsperaApertar ;
+-------------------------+------------------------+----------------------+-------------------------+
; btn1state.EsperaApertar ; 0                      ; 0                    ; 0                       ;
; btn1state.SaidaAtiva    ; 0                      ; 1                    ; 1                       ;
; btn1state.EsperaSoltar  ; 1                      ; 0                    ; 1                       ;
+-------------------------+------------------------+----------------------+-------------------------+


Encoding Type:  One-Hot
+---------------------------------------------------------------------------------------------------+
; State Machine - |topo|ButtonSync:sync|btn0state                                                   ;
+-------------------------+------------------------+----------------------+-------------------------+
; Name                    ; btn0state.EsperaSoltar ; btn0state.SaidaAtiva ; btn0state.EsperaApertar ;
+-------------------------+------------------------+----------------------+-------------------------+
; btn0state.EsperaApertar ; 0                      ; 0                    ; 0                       ;
; btn0state.SaidaAtiva    ; 0                      ; 1                    ; 1                       ;
; btn0state.EsperaSoltar  ; 1                      ; 0                    ; 1                       ;
+-------------------------+------------------------+----------------------+-------------------------+


+----------------------------------------------------------------------------------+
; Registers Removed During Synthesis                                               ;
+-----------------------------------------+----------------------------------------+
; Register name                           ; Reason for Removal                     ;
+-----------------------------------------+----------------------------------------+
; datapath:D|reg:Re3|Q[0]                 ; Stuck at GND due to stuck port data_in ;
; ButtonSync:sync|btn3state.SaidaAtiva    ; Lost fanout                            ;
; ButtonSync:sync|btn3state.EsperaSoltar  ; Lost fanout                            ;
; ButtonSync:sync|btn3state.EsperaApertar ; Lost fanout                            ;
; ButtonSync:sync|btn2state.SaidaAtiva    ; Lost fanout                            ;
; ButtonSync:sync|btn2state.EsperaSoltar  ; Lost fanout                            ;
; ButtonSync:sync|btn2state.EsperaApertar ; Lost fanout                            ;
; ButtonSync:sync|btn1state.EsperaSoltar  ; Lost fanout                            ;
; ButtonSync:sync|btn0state.EsperaSoltar  ; Lost fanout                            ;
; Total Number of Removed Registers = 9   ;                                        ;
+-----------------------------------------+----------------------------------------+


+-----------------------------------------------------------------------------------------------------+
; Removed Registers Triggering Further Register Optimizations                                         ;
+--------------------------------------+--------------------+-----------------------------------------+
; Register name                        ; Reason for Removal ; Registers Removed due to This Register  ;
+--------------------------------------+--------------------+-----------------------------------------+
; ButtonSync:sync|btn3state.SaidaAtiva ; Lost Fanouts       ; ButtonSync:sync|btn3state.EsperaApertar ;
; ButtonSync:sync|btn2state.SaidaAtiva ; Lost Fanouts       ; ButtonSync:sync|btn2state.EsperaApertar ;
+--------------------------------------+--------------------+-----------------------------------------+


+------------------------------------------------------+
; General Register Statistics                          ;
+----------------------------------------------+-------+
; Statistic                                    ; Value ;
+----------------------------------------------+-------+
; Total registers                              ; 167   ;
; Number of registers using Synchronous Clear  ; 128   ;
; Number of registers using Synchronous Load   ; 0     ;
; Number of registers using Asynchronous Clear ; 163   ;
; Number of registers using Asynchronous Load  ; 0     ;
; Number of registers using Clock Enable       ; 154   ;
; Number of registers using Preset             ; 0     ;
+----------------------------------------------+-------+


+-------------------------------------------------------------------------------------------------------------------------------------------------+
; Multiplexer Restructuring Statistics (Restructuring Performed)                                                                                  ;
+--------------------+-----------+---------------+----------------------+------------------------+------------+-----------------------------------+
; Multiplexer Inputs ; Bus Width ; Baseline Area ; Area if Restructured ; Saving if Restructured ; Registered ; Example Multiplexer Output        ;
+--------------------+-----------+---------------+----------------------+------------------------+------------+-----------------------------------+
; 3:1                ; 3 bits    ; 6 LEs         ; 6 LEs                ; 0 LEs                  ; No         ; |topo|datapath:D|decod_nv:D1|D[1] ;
; 4:1                ; 8 bits    ; 16 LEs        ; 16 LEs               ; 0 LEs                  ; No         ; |topo|datapath:D|mux:M2|S[5]      ;
; 5:1                ; 2 bits    ; 6 LEs         ; 4 LEs                ; 2 LEs                  ; No         ; |topo|datapath:D|decod_4:D6|D[5]  ;
; 4:1                ; 2 bits    ; 4 LEs         ; 4 LEs                ; 0 LEs                  ; No         ; |topo|datapath:D|decod_nv:D1|D[0] ;
+--------------------+-----------+---------------+----------------------+------------------------+------------+-----------------------------------+


+-----------------------------------------------+
; Port Connectivity Checks: "datapath:D|mux:M3" ;
+----------+-------+----------+-----------------+
; Port     ; Type  ; Severity ; Details         ;
+----------+-------+----------+-----------------+
; f1[7..5] ; Input ; Info     ; Stuck at GND    ;
; f1[0]    ; Input ; Info     ; Stuck at GND    ;
; f2[7..6] ; Input ; Info     ; Stuck at GND    ;
; f2[1..0] ; Input ; Info     ; Stuck at GND    ;
; f3[2..0] ; Input ; Info     ; Stuck at GND    ;
; f3[7]    ; Input ; Info     ; Stuck at GND    ;
; f4[3..0] ; Input ; Info     ; Stuck at GND    ;
+----------+-------+----------+-----------------+


+----------------------------------------------------------------------------------------------------------------+
; Port Connectivity Checks: "ButtonSync:sync"                                                                    ;
+------+--------+----------+-------------------------------------------------------------------------------------+
; Port ; Type   ; Severity ; Details                                                                             ;
+------+--------+----------+-------------------------------------------------------------------------------------+
; btn2 ; Output ; Info     ; Connected to dangling logic. Logic that only feeds a dangling port will be removed. ;
; btn3 ; Output ; Info     ; Connected to dangling logic. Logic that only feeds a dangling port will be removed. ;
+------+--------+----------+-------------------------------------------------------------------------------------+


+-----------------------------------------------------+
; Post-Synthesis Netlist Statistics for Top Partition ;
+-----------------------+-----------------------------+
; Type                  ; Count                       ;
+-----------------------+-----------------------------+
; arriav_ff             ; 167                         ;
;     CLR               ; 9                           ;
;     ENA CLR           ; 26                          ;
;     ENA CLR SCLR      ; 128                         ;
;     plain             ; 4                           ;
; arriav_lcell_comb     ; 258                         ;
;     arith             ; 128                         ;
;         1 data inputs ; 128                         ;
;     normal            ; 130                         ;
;         0 data inputs ; 1                           ;
;         1 data inputs ; 15                          ;
;         2 data inputs ; 17                          ;
;         3 data inputs ; 7                           ;
;         4 data inputs ; 19                          ;
;         5 data inputs ; 24                          ;
;         6 data inputs ; 47                          ;
; boundary_port         ; 69                          ;
;                       ;                             ;
; Max LUT depth         ; 4.10                        ;
; Average LUT depth     ; 2.69                        ;
+-----------------------+-----------------------------+


+-------------------------------+
; Elapsed Time Per Partition    ;
+----------------+--------------+
; Partition Name ; Elapsed Time ;
+----------------+--------------+
; Top            ; 00:00:06     ;
+----------------+--------------+


+-------------------------------+
; Analysis & Synthesis Messages ;
+-------------------------------+
Info: *******************************************************************
Info: Running Quartus II 64-Bit Analysis & Synthesis
    Info: Version 15.0.0 Build 145 04/22/2015 SJ Web Edition
    Info: Processing started: Thu Nov 30 21:42:37 2017
Info: Command: quartus_map --read_settings_files=on --write_settings_files=off Jogo -c Jogo
Info (11104): Parallel Compilation has detected 4 hyper-threaded processors. However, the extra hyper-threaded processors will not be used by default. Parallel Compilation will use 2 of the 2 physical processors detected instead.
Info (12021): Found 2 design units, including 1 entities, in source file topo.vhd
    Info (12022): Found design unit 1: topo-bhv
    Info (12023): Found entity 1: topo
Info (12021): Found 2 design units, including 1 entities, in source file rom4.vhd
    Info (12022): Found design unit 1: ROM4-behavioral
    Info (12023): Found entity 1: ROM4
Info (12021): Found 2 design units, including 1 entities, in source file rom3.vhd
    Info (12022): Found design unit 1: ROM3-behavioral
    Info (12023): Found entity 1: ROM3
Info (12021): Found 2 design units, including 1 entities, in source file rom2.vhd
    Info (12022): Found design unit 1: ROM2-behavioral
    Info (12023): Found entity 1: ROM2
Info (12021): Found 2 design units, including 1 entities, in source file rom1.vhd
    Info (12022): Found design unit 1: ROM1-behavioral
    Info (12023): Found entity 1: ROM1
Info (12021): Found 2 design units, including 1 entities, in source file reg_2.vhd
    Info (12022): Found design unit 1: reg_2-behv
    Info (12023): Found entity 1: reg_2
Info (12021): Found 2 design units, including 1 entities, in source file reg.vhd
    Info (12022): Found design unit 1: reg-behv
    Info (12023): Found entity 1: reg
Info (12021): Found 2 design units, including 1 entities, in source file pontos.vhd
    Info (12022): Found design unit 1: pontos-oii
    Info (12023): Found entity 1: pontos
Info (12021): Found 2 design units, including 1 entities, in source file mux_4x1.vhd
    Info (12022): Found design unit 1: mux_4x1-selec
    Info (12023): Found entity 1: mux_4x1
Warning (12090): Entity "mux" obtained from "mux.vhd" instead of from Quartus II megafunction library
Info (12021): Found 2 design units, including 1 entities, in source file mux.vhd
    Info (12022): Found design unit 1: mux-selec
    Info (12023): Found entity 1: mux
Info (12021): Found 2 design units, including 1 entities, in source file div_freq.vhd
    Info (12022): Found design unit 1: div_freq-oi
    Info (12023): Found entity 1: div_freq
Info (12021): Found 2 design units, including 1 entities, in source file decod7seg.vhd
    Info (12022): Found design unit 1: decod7seg-circuito
    Info (12023): Found entity 1: decod7seg
Info (12021): Found 2 design units, including 1 entities, in source file decod_nv.vhd
    Info (12022): Found design unit 1: decod_nv-circuito
    Info (12023): Found entity 1: decod_nv
Info (12021): Found 2 design units, including 1 entities, in source file decod_led.vhd
    Info (12022): Found design unit 1: decod_led-struct
    Info (12023): Found entity 1: decod_led
Info (12021): Found 2 design units, including 1 entities, in source file decod_4.vhd
    Info (12022): Found design unit 1: decod_4-circuito
    Info (12023): Found entity 1: decod_4
Info (12021): Found 2 design units, including 1 entities, in source file datapath.vhd
    Info (12022): Found design unit 1: datapath-bhv
    Info (12023): Found entity 1: datapath
Info (12021): Found 2 design units, including 1 entities, in source file controle.vhd
    Info (12022): Found design unit 1: controle-estados
    Info (12023): Found entity 1: controle
Info (12021): Found 2 design units, including 1 entities, in source file contador_end.vhd
    Info (12022): Found design unit 1: contador_end-bhv
    Info (12023): Found entity 1: contador_end
Info (12021): Found 2 design units, including 1 entities, in source file comparadorponto.vhd
    Info (12022): Found design unit 1: comparadorponto-oie
    Info (12023): Found entity 1: comparadorponto
Info (12021): Found 2 design units, including 1 entities, in source file comparador.vhd
    Info (12022): Found design unit 1: comparador-oie
    Info (12023): Found entity 1: comparador
Info (12021): Found 2 design units, including 1 entities, in source file buttonsync.vhd
    Info (12022): Found design unit 1: ButtonSync-ButtonSyncImpl
    Info (12023): Found entity 1: ButtonSync
Info (12127): Elaborating entity "topo" for the top level hierarchy
Warning (10036): Verilog HDL or VHDL warning at topo.vhd(19): object "BTN2" assigned a value but never read
Warning (10036): Verilog HDL or VHDL warning at topo.vhd(19): object "BTN3" assigned a value but never read
Info (12128): Elaborating entity "ButtonSync" for hierarchy "ButtonSync:sync"
Info (12128): Elaborating entity "controle" for hierarchy "controle:C"
Warning (10492): VHDL Process Statement warning at controle.vhd(22): signal "BTN0" is read inside the Process Statement but isn't in the Process Statement's sensitivity list
Warning (10492): VHDL Process Statement warning at controle.vhd(93): signal "acabou" is read inside the Process Statement but isn't in the Process Statement's sensitivity list
Info (12128): Elaborating entity "datapath" for hierarchy "datapath:D"
Info (12128): Elaborating entity "div_freq" for hierarchy "datapath:D|div_freq:D"
Info (12128): Elaborating entity "reg_2" for hierarchy "datapath:D|reg_2:Re1"
Info (12128): Elaborating entity "mux_4x1" for hierarchy "datapath:D|mux_4x1:M1"
Info (12128): Elaborating entity "decod_nv" for hierarchy "datapath:D|decod_nv:D1"
Info (12128): Elaborating entity "contador_end" for hierarchy "datapath:D|contador_end:E"
Warning (10492): VHDL Process Statement warning at contador_end.vhd(30): signal "adress" is read inside the Process Statement but isn't in the Process Statement's sensitivity list
Info (12128): Elaborating entity "ROM1" for hierarchy "datapath:D|ROM1:Ro1"
Info (12128): Elaborating entity "ROM2" for hierarchy "datapath:D|ROM2:Ro2"
Info (12128): Elaborating entity "ROM3" for hierarchy "datapath:D|ROM3:Ro3"
Info (12128): Elaborating entity "ROM4" for hierarchy "datapath:D|ROM4:Ro4"
Info (12128): Elaborating entity "mux" for hierarchy "datapath:D|mux:M2"
Info (12128): Elaborating entity "decod_4" for hierarchy "datapath:D|decod_4:D2"
Info (12128): Elaborating entity "reg" for hierarchy "datapath:D|reg:R5"
Info (12128): Elaborating entity "comparadorponto" for hierarchy "datapath:D|comparadorponto:CP"
Warning (10812): VHDL warning at comparadorponto.vhd(20): sensitivity list already contains enable
Warning (10492): VHDL Process Statement warning at comparadorponto.vhd(25): signal "clock" is read inside the Process Statement but isn't in the Process Statement's sensitivity list
Info (12128): Elaborating entity "decod_led" for hierarchy "datapath:D|decod_led:D4"
Warning (19016): Clock multiplexers are found and protected
    Warning (19017): Found clock multiplexer datapath:D|mux_4x1:M1|S
    Warning (19017): Found clock multiplexer datapath:D|mux_4x1:M1|S~0
    Warning (19017): Found clock multiplexer datapath:D|mux_4x1:M1|S~1
Warning (13024): Output pins are stuck at VCC or GND
    Warning (13410): Pin "HEX5[0]" is stuck at VCC
    Warning (13410): Pin "HEX5[1]" is stuck at VCC
    Warning (13410): Pin "HEX5[2]" is stuck at VCC
    Warning (13410): Pin "HEX5[6]" is stuck at VCC
Info (286030): Timing-Driven Synthesis is running
Info (17049): 8 registers lost all their fanouts during netlist optimizations.
Warning (20013): Ignored assignments for entity "ghrd_top" -- entity does not exist in design
    Warning (20014): Assignment for entity set_instance_assignment -name PARTITION_HIERARCHY root_partition -to | -entity ghrd_top -section_id Top was ignored
    Warning (20014): Assignment for entity set_global_assignment -name PARTITION_NETLIST_TYPE SOURCE -entity ghrd_top -section_id Top was ignored
    Warning (20014): Assignment for entity set_global_assignment -name PARTITION_FITTER_PRESERVATION_LEVEL PLACEMENT_AND_ROUTING -entity ghrd_top -section_id Top was ignored
    Warning (20014): Assignment for entity set_global_assignment -name PARTITION_PRESERVE_HIGH_SPEED_TILES ON -entity ghrd_top -section_id Top was ignored
    Warning (20014): Assignment for entity set_global_assignment -name PARTITION_IGNORE_SOURCE_FILE_CHANGES OFF -entity ghrd_top -section_id Top was ignored
    Warning (20014): Assignment for entity set_global_assignment -name PARTITION_ALWAYS_USE_QXP_NETLIST OFF -entity ghrd_top -section_id Top was ignored
    Warning (20014): Assignment for entity set_global_assignment -name PARTITION_COLOR 16764057 -entity ghrd_top -section_id Top was ignored
    Warning (20014): Assignment for entity set_global_assignment -name PARTITION_IMPORT_ASSIGNMENTS ON -entity ghrd_top -section_id Top was ignored
    Warning (20014): Assignment for entity set_global_assignment -name PARTITION_IMPORT_EXISTING_ASSIGNMENTS REPLACE_CONFLICTING -entity ghrd_top -section_id Top was ignored
    Warning (20014): Assignment for entity set_global_assignment -name PARTITION_IMPORT_EXISTING_LOGICLOCK_REGIONS UPDATE_CONFLICTING -entity ghrd_top -section_id Top was ignored
    Warning (20014): Assignment for entity set_global_assignment -name PARTITION_IMPORT_PIN_ASSIGNMENTS ON -entity ghrd_top -section_id Top was ignored
    Warning (20014): Assignment for entity set_global_assignment -name PARTITION_IMPORT_PROMOTE_ASSIGNMENTS ON -entity ghrd_top -section_id Top was ignored
    Warning (20014): Assignment for entity set_global_assignment -name PARTITION_TYPE STANDARD_PARTITION -entity ghrd_top -section_id Top was ignored
    Warning (20014): Assignment for entity set_global_assignment -name ALLOW_MULTIPLE_PERSONAS OFF -entity ghrd_top -section_id Top was ignored
    Warning (20014): Assignment for entity set_global_assignment -name PARTITION_ASD_REGION_ID 1 -entity ghrd_top -section_id Top was ignored
    Warning (20014): Assignment for entity set_global_assignment -name CROSS_BOUNDARY_OPTIMIZATIONS OFF -entity ghrd_top -section_id Top was ignored
    Warning (20014): Assignment for entity set_global_assignment -name PROPAGATE_CONSTANTS_ON_INPUTS ON -entity ghrd_top -section_id Top was ignored
    Warning (20014): Assignment for entity set_global_assignment -name PROPAGATE_INVERSIONS_ON_INPUTS ON -entity ghrd_top -section_id Top was ignored
    Warning (20014): Assignment for entity set_global_assignment -name REMOVE_LOGIC_ON_UNCONNECTED_OUTPUTS ON -entity ghrd_top -section_id Top was ignored
    Warning (20014): Assignment for entity set_global_assignment -name MERGE_EQUIVALENT_INPUTS ON -entity ghrd_top -section_id Top was ignored
    Warning (20014): Assignment for entity set_global_assignment -name MERGE_EQUIVALENT_BIDIRS ON -entity ghrd_top -section_id Top was ignored
    Warning (20014): Assignment for entity set_global_assignment -name ABSORB_PATHS_FROM_OUTPUTS_TO_INPUTS ON -entity ghrd_top -section_id Top was ignored
    Warning (20014): Assignment for entity set_global_assignment -name PARTITION_EXTRACT_HARD_BLOCK_NODES ON -entity ghrd_top -section_id Top was ignored
    Warning (20014): Assignment for entity set_global_assignment -name PARTITION_ENABLE_STRICT_PRESERVATION OFF -entity ghrd_top -section_id Top was ignored
Info (16010): Generating hard_block partition "hard_block:auto_generated_inst"
    Info (16011): Adding 0 node(s), including 0 DDIO, 0 PLL, 0 transceiver and 0 LCELL
Warning (21074): Design contains 4 input pin(s) that do not drive logic
    Warning (15610): No output dependent on input pin "KEY[4]"
    Warning (15610): No output dependent on input pin "KEY[5]"
    Warning (15610): No output dependent on input pin "KEY[3]"
    Warning (15610): No output dependent on input pin "KEY[2]"
Info (21057): Implemented 332 device resources after synthesis - the final resource count might be different
    Info (21058): Implemented 17 input pins
    Info (21059): Implemented 52 output pins
    Info (21061): Implemented 263 logic cells
Info: Quartus II 64-Bit Analysis & Synthesis was successful. 0 errors, 47 warnings
    Info: Peak virtual memory: 791 megabytes
    Info: Processing ended: Thu Nov 30 21:43:33 2017
    Info: Elapsed time: 00:00:56
    Info: Total CPU time (on all processors): 00:01:00


